00438 Amelia      Lintner
00444 Diana       Rubinstein
00493 Andree      Chisum
00495 Elois       Printup
00583 Corinna     Izzi
00628 Magdalen    Chadwick
00639 Hannelore   Swaney
00736 Felisa      Rodriguz
00796 Alisa       Matton
00813 Launa       Pitcock
00831 Darlena     Lindberg
00898 Deana       Dryden
00931 Elijah      Hoagland
00967 Mariko      Dela
01010 Kenneth     Pyle
01081 Leana       Silverstein
01083 Deane       Vitale
01174 Leticia     Devries
01209 Luella      Fleisher
01266 Coletta     Peagler
01287 Sasha       Chiles
01312 Thea        Wampler
01345 Suzie       Gaulke
01428 Gudrun      Andrade
01452 Eugenia     Schuler
01484 Tianna      Igo
01564 Tisa        Wagers
01647 Barbra      Schindler
01740 Dorian      Tetrault
01811 Nelly       Inouye
01849 Chantay     Mcniel
01928 Sibyl       Arai
01976 Kevin       Navarra
02051 Haley       Schlenker
02063 Darlena     Jurgens
02104 Ronald      Stearn
02121 Miss        Falcon
02137 Vernita     Copple
02195 Rhiannon    Wiggs
02205 Adah        Baize
02285 Alecia      Martello
02343 Lajuana     Beecher
02428 Shara       Knauss
02520 Tashia      Konkol
02571 Nilsa       Najera
02605 Ramon       Smith
02668 Gia         Manross
02711 Amie        Sneed
02763 Linh        Weyand
02828 Karoline    Benavidez
02917 Jayna       Goldner
02939 Eva         Vanzandt
03018 Irvin       Lavallie
03103 Anisha      Rominger
03169 Suzi        Norman
03240 Beatriz     Lippard
03253 Lakeshia    Cassinelli
03324 Fabiola     Cavin
03362 Antonia     Seldon
03445 Pamala      Gowdy
03499 Estell      Raub
03546 Lahoma      Mcclanahan
03565 Allegra     Penner
03568 Benny       Dimattia
03620 Nichelle    Gleaves
03685 Isaiah      Aschenbrenner
03771 Danyel      Ingersoll
03810 Verline     Batres
03909 Celena      Tibbals
03940 Eufemia     Wren
03992 Mathew      Sobota
04031 Jerrica     Roses
04095 Rosana      Moitoso
04160 Margie      Goupil
04254 Katia       Stanger
04335 Sharie      Garlow
04369 Tad         Casaus
04459 Lang        Hammill
04517 Boris       Janicki
04563 Randell     Fitzhenry
04606 Heide       Bombard
04623 Lincoln     Sandage
04642 Laurice     Loffredo
04682 Calista     Eargle
04727 Twyla       Banker
04745 Olene       Volkman
04746 Sophia      Gaskins
04749 Kirstie     Allen
04774 Nada        Ruge
04858 Joeann      Womer
04909 Jutta       Slaubaugh
04996 Lisha       Agular
05088 Edelmira    Siu
05115 Glennis     Flaherty
05187 Julian      Kagawa
05235 Mabelle     Kappler
05295 Adelaida    Giannone
05324 Kam         Makin
05412 Kristle     Argueta
05429 Kristal     Illingworth
05480 Tiesha      Roosa
05499 Daniell     Mckeon
05579 Shanel      Purpura
05585 Brande      Jenner
05610 Lina        Shamblin
05676 Tawna       Perrault
05714 Arianne     Goettl
05733 Lesli       Love
05823 Magali      Heater
05870 Alfredo     Kullman
05947 Mandy       Swartout
05952 Garret      Jimenes
06024 Mauro       Hundley
06045 Mirtha      Dahlberg
06115 Georgiana   Hayek
06158 Lulu        Raffield
06160 Mirna       Rabideau
06210 Lu          Hippler
06237 Sherika     Towers
06320 Corrinne    Oloughlin
06338 Troy        Reichert
06409 Rolande     Ransome
06506 Kim         Sager
06549 Donella     Manly
06585 Sammie      Mcphee
06684 Charlene    Briones
06689 Magaret     Chenail
06765 Polly       Tolleson
06829 Salina      Beltran
06891 Bruna       Arrieta
06988 Wilda       Kriegel
07002 Sol         Sheets
07023 Leilani     Pruett
07032 Lizabeth    Olmedo
07068 Summer      Goodwin
07069 Modesto     Pumphrey
07135 Thi         Weems
07166 Latrina     Scheele
07240 Robbi       Enger
07257 Gerry       Holeman
07326 Sherril     Herren
07366 Rosy        Faulkner
07446 Luanna      Hankins
07464 Philomena   See
07490 Coralee     Hartz
07492 Eleonora    Mcgaughy
07543 Dominque    Brannan
07626 Domenic     Valiente
07689 Vikki       Blackmon
07697 Brendan     Plump
07741 Ngoc        Price
07830 Rosenda     Kirschner
07864 Providencia Goewey
07941 Dona        Schimpf
07950 Dianne      Castille
07971 Katherina   Yorke
08021 Zoraida     Spurgin
08076 Junita      Weimar
08103 Ilana       Wilmoth
08125 Cordia      Kampa
08166 Latosha     Gupta
08180 Brandee     Jhonson
08230 Deanna      Campagna
08326 Evangeline  Schwabe
08420 Tatyana     Mcglynn
08442 Boris       Garlick
08465 Jessia      Waag
08553 Lyndsey     Schoening
08624 Lekisha     Cantero
08707 Garfield    Gorman
08723 Cherelle    Baillie
08728 Xochitl     Forness
08776 Mozell      Mazzola
08784 Dawna       Yoshimoto
08821 Franchesca  Keplinger
08873 Russell     Wilburn
08945 Hosea       Spady
08973 Vivan       Widell
09003 Arlyne      Huffine
09039 Luvenia     Gravois
09121 China       Taul
09135 Chantell    Humiston
09195 Ginger      Burgin
09267 Trena       Partington
09269 Tessie      Poore
09367 Sylvia      Pewitt
09446 Leonarda    Winner
09461 Luana       Labella
09491 Clay        Dusek
09565 Cheree      Quirion
09631 Lona        Fifer
09718 Galina      Paterson
09769 Ailene      Quiroga
09843 Lakeshia    Schulman
09885 Mindy       Clemente
09934 Jenny       Coaxum
10021 Alfred      Heitmann
10100 Jarred      Eggleton
10154 Regena      Saidi
10157 Amal        Lombardo
10168 Shanita     Convery
10255 Branda      Derksen
10292 Shayne      Eakes
10331 Grisel      Pineiro
10373 Mavis       Shell
10454 Darlene     Fennessey
10478 Dan         Lapoint
10529 Leisha      Striplin
10592 Kittie      Freitag
10608 Rikki       Wampler
10638 Anthony     Dederick
10734 Sheri       Feagins
10779 Larissa     Free
10864 Danae       Wynkoop
10958 Jan         South
11010 Randee      Kurland
11041 Phil        Stecher
11113 Nestor      Niven
11178 Maisie      Ginn
11217 Rozanne     Rhein
11224 Mindy       Northway
11264 Hae         Schulte
11318 Alphonso    Mcjunkin
11370 Hildegarde  Suddeth
11409 Pearly      Neuner
11494 Angelic     Boeck
11523 Sherry      Rambin
11602 Angelo      Andreas
11656 Agatha      Schilling
11657 Pennie      Krell
11710 Consuelo    Oropeza
11762 Madge       Kruger
11798 Kiana       Wrinkle
11858 Toni        Fausto
11928 Heide       Wilcoxen
12021 Aron        Ringo
12022 Eugenia     Francoeur
12111 Delores     Pedersen
12140 Tyra        Vaquera
12165 Bambi       Maple
12202 Mauro       Wiesner
12230 Jene        Mcafee
12270 Faustino    Haliburton
12354 Maryland    Stuhr
12423 Genevieve   Yonts
12463 Rochell     Mccuen
12535 Krissy      Degen
12557 Lakeisha    Caufield
12576 Elin        Kimbro
12664 Wenona      Wixon
12740 Trish       Sarmiento
12769 Ima         Holsapple
12816 Lin         Franceschini
12846 Antwan      China
12878 Luther      Judah
12940 Bonnie      Bradbury
12975 Leroy       Duhart
13008 Sonia       Mctaggart
13036 Doyle       Perrella
13053 Duncan      Trunzo
13134 Winona      Bayer
13232 Kurt        Charbonneau
13284 Regenia     Waddle
13298 Detra       Mccaslin
13384 Danica      Rollman
13444 Serita      Thorton
13453 Kraig       Mckay
13518 Carolin     Froelich
13523 Ashanti     Maffei
13582 Delicia     Sinner
13631 Veronique   Nolton
13689 Devona      Sheffield
13705 Bob         Kinyon
13780 Kristofer   Ulloa
13783 Fannie      Capasso
13822 Kasie       Bjork
13831 Trudi       Paradiso
13920 Leandra     Sandberg
13953 Shon        Mickles
13999 Marc        Alejandro
14044 Chieko      Althaus
14123 Le          Vest
14209 Georgie     Gimbel
14254 Ora         Kaczor
14305 Sergio      Simon
14321 Nu          Hawn
14373 Breanna     Avilla
14412 Jefferson   Curtis
14465 Raymon      Espey
14516 Margret     Marcano
14528 Eden        Shiver
14540 Carma       Stallone
14628 Shawnda     Dearing
14711 Shila       Gilpin
14802 Inez        Delosh
14843 Antonette   Kleeman
14928 Suzanna     Coombes
15022 Shawnda     Ho
15027 Lorine      Moyle
15101 Larhonda    Lovering
15173 Shari       Roush
15186 Kala        Churchill
15276 Millicent   Lema
15284 Taylor      Halle
15289 Jeanette    Welles
15303 Marlana     Lanctot
15326 Penelope    Fleet
15351 Elma        Egli
15405 Sharyn      Murley
15449 Rolande     Soden
15469 Domenic     Latch
15531 Bradly      Meehan
15605 Sheila      Stano
15634 Socorro     Locklin
15662 Charity     Mccaul
15726 Charlesetta Bramblett
15778 Kandy       Huie
15850 Bert        Condron
15925 Maryjane    Nielsen
15999 Kathie      Morehouse
16089 Christiana  Dunagan
16107 Cristin     Brocato
16122 Geneva      Wilkinson
16161 Mohammad    James
16195 Werner      Shadle
16260 Asha        Edmundson
16282 Tatiana     Schwartzkopf
16335 Setsuko     Dutton
16374 Lola        Dulle
16395 Amberly     Saffold
16465 Sarita      Warriner
16526 Ericka      Vitti
16581 Ivelisse    Wojciechowski
16651 Imelda      Woodyard
16720 Lionel      Sack
16722 Waneta      Waterfield
16814 Lenny       Lachermeier
16862 Dagny       Bencomo
16926 Saundra     Lipscomb
16949 Majorie     Thronson
16977 Micki       Fortune
16987 Corina      Pantoja
17077 Stephaine   Bragan
17154 Beatris     Simeon
17210 Lorinda     Bracamonte
17273 Tashia      Mertes
17362 Collette    Grauer
17452 Herta       Farfan
17473 Hazel       Powel
17539 Mabelle     Obermiller
17611 Gale        Abernathy
17645 Christian   Brooking
17676 Miriam      Brandon
17739 Corie       Beard
17769 Gilberto    Port
17861 Lue         Byham
17867 Latia       Falbo
17914 Kerry       Whiting
17919 Johnie      Asmussen
17968 Evita       Thornburg
18006 Jacki       Swensen
18044 Richelle    Radke
18117 Sharda      Guinn
18206 Hortensia   Cowboy
18247 Lenore      Purdum
18294 Elinore     Laurie
18304 Teena       Carrigan
18345 Mindi       Grosch
18403 Olin        Steven
18432 Corina      Yurick
18481 Antonia     Mack
18522 Almeda      Snavely
18608 Ghislaine   Poindexter
18697 Belinda     Elser
18706 Maddie      Taube
18781 Hallie      Grieves
18804 Akiko       Hocutt
18861 Marylou     Mccoll
18885 Alma        Mayers
18932 Treena      Rambert
18991 Phyllis     Engram
19053 Cristin     Moretti
19075 Teofila     Saeed
19127 Tony        Altman
19168 Reynaldo    Mizer
19227 Krystal     Poage
19240 Asley       Ma
19328 Nerissa     Rollo
19358 Mari        Lore
19391 Royal       Haverly
19399 Ayesha      Trueman
19490 Sommer      Hewey
19548 Gladis      Arzola
19643 Jeffie      Mckelvey
19689 Lanora      Lanz
19732 Latrisha    Tenenbaum
19780 Takako      Burrill
19839 Consuelo    Truax
19885 Majorie     Kennerly
19980 Vivan       Baley
20036 Richie      Wingo
20089 Breanne     Mule
20150 Irish       Beebe
20157 Tiffany     Shenkel
20177 Shawnda     Lafave
20262 Siobhan     Ader
20310 Fannie      Pankratz
20315 Tiffany     Grange
20407 Hassie      Wilkerson
20440 Charley     Huck
20478 Arletta     Grosvenor
20559 Rodger      Gunderson
20565 Susy        Tseng
20588 Sophia      Kost
20600 Mandie      Bracero
20637 Etha        Pino
20709 Hallie      Pendergast
20737 Tanesha     Twining
20808 Tasia       Mctaggart
20874 Merilyn     Epling
20936 Doug        Carboni
20955 Annelle     Nicks
20967 Yvonne      Kurek
20988 Felton      Obey
21047 Natividad   Brewster
21134 Miguel      Dorman
21211 Lianne      Crandall
21241 Patsy       Chew
21274 Magan       Ballow
21289 Earnestine  Solum
21312 Hung        Lockhart
21325 Lashon      Cowling
21359 Lesia       Sasse
21423 Vallie      Schlichting
21465 Euna        Gatling
21534 Wonda       Traver
21591 Shena       Livengood
21683 Latasha     Pallas
21776 Denver      Wren
21868 Tamisha     Bast
21936 Rozella     Nordberg
21995 Shayna      Marietta
21999 Avis        Dayton
22058 Marya       Mayoral
22089 Morris      Cowles
22096 Fermina     Halton
22140 Kirstie     Hagemeier
22209 Barney      Rizzo
22267 Lenita      Cull
22305 Shaunda     Tamashiro
22385 Rebbeca     Filippi
22472 Kymberly    Mandujano
22571 Xavier      Bolick
22574 Brady       Dougherty
22578 Millicent   Wasielewski
22625 Nicola      Worman
22712 Iraida      Granier
22769 Beatris     Isabelle
22785 Maryetta    Maffucci
22862 Tanja       Blackwell
22946 Felice      Troia
22969 Leslie      Kuchera
23061 Mia         Finnell
23065 Charla      Jagger
23083 Ashlie      Messenger
23139 Kimberli    Mccleary
23230 Wes         Crisci
23231 Janette     Hollowell
23288 Lenore      Schwartzman
23296 Gertie      Hambright
23335 Ma          Klingman
23369 Laronda     Freedman
23404 Jeana       Vanhooser
23454 Sadie       Julien
23503 Vanda       Pogue
23573 Mallory     Arline
23617 Isaura      Piatt
23687 Lasandra    Reuther
23711 Edward      Pinelli
23810 Jean        Manzi
23833 Crystal     Ridge
23836 Santiago    Zygmont
23903 Emeline     Seda
23936 Shanon      Cumpston
24002 Toi         Esterline
24077 Hannelore   Pipes
24157 Margret     Augustyn
24209 Allegra     Shaddix
24277 Noe         Frazer
24369 Bradford    Garofalo
24439 Whitley     Coles
24476 Odell       Musial
24501 Monroe      Wilsey
24587 Rosaura     Amodeo
24605 Verda       Cash
24664 Bernetta    Riemann
24683 Denae       Corbeil
24748 Babette     Dulac
24820 Tuan        Lobel
24913 German      Shores
24928 Launa       Bucholz
24946 Scarlet     Mcfalls
25029 Catalina    Sytsma
25126 Tamatha     Coombes
25191 Alfonzo     Pruneda
25260 Dinah       Schlatter
25321 Luciana     Ables
25348 Pearl       Malin
25431 Merrie      Mullens
25496 Lanie       Milliner
25565 Ashanti     Trinh
25616 Shaniqua    Overman
25683 Meghann     Mullin
25766 Horace      Grippo
25792 Rosaura     Brisson
25801 Sam         Sexton
25828 Dawna       Watrous
25855 Dale        Horsman
25906 Tammara     Huseman
25996 Vashti      Mcwilliam
26012 Alesha      Lindsay
26042 Sherlyn     Neil
26050 Carmelita   Gilman
26130 Clinton     Mangels
26143 Maggie      Kibbe
26150 Lesha       Grasty
26220 Etsuko      Muszynski
26258 Jesenia     Starner
26293 Chance      Slick
26370 Jaimee      Crespo
26372 Sharan      Buttrey
26436 Williams    Dodd
26494 Vera        Unknow
26508 Marilynn    Mansir
26548 Contessa    Tedeschi
26570 Alethia     Fairclough
26583 Bret        Holloman
26610 Danika      Ecklund
26697 Candelaria  Poore
26760 Tarra       Goding
26785 Veronique   Gallivan
26828 Alisha      Stanford
26834 Berta       Wierenga
26854 Tiffaney    Tibbals
26936 Dori        Shorey
27026 Stacia      Hoefle
27030 Aleshia     Au
27071 Tricia      Sae
27147 Vertie      Schwindt
27191 Marivel     Loadholt
27223 Cassi       Calles
27309 Everett     Malinowski
27339 Fidelia     Abdulla
27391 Ignacio     Keena
27446 Tawna       Hayworth
27448 Mavis       Grooms
27490 Renata      Strobel
27572 Mozelle     Boughner
27603 Margurite   Lucier
27673 Pedro       Andrea
27721 Samella     Dix
27745 Chrystal    Gorby
27805 Pei         Segalla
27854 Cheyenne    Weeden
27905 Paris       Maynez
27984 Owen        Everson
28015 Palma       Lehto
28036 Pearle      Osborne
28054 Odilia      Peasley
28131 Ciera       Arab
28165 Jolanda     Plain
28195 Tammi       Merten
28274 Leena       Raske
28321 Lesley      Konopka
28391 Ezra        Dibiase
28464 Kassie      Mellon
28503 Ara         Belding
28580 Danilo      Cashwell
28590 Neida       Oman
28665 Josette     Vandergrift
28709 Freeman     Alessi
28719 Tonia       Heyd
28766 Judith      Schuler
28805 Demetra     Heyman
28894 Danilo      Angeles
28982 Chasidy     Henriksen
29081 Genna       Bussell
29099 Davida      Bobo
29137 Judi        Eckstein
29145 Marielle    Libby
29237 Berna       Buzzell
29298 Gertrud     Schank
29320 Miesha      Gascon
29403 Katherine   Gabrielson
29490 Wen         Stultz
29499 Mike        Cass
29591 Alecia      Mathisen
29686 Demetra     Revard
29771 Margarita   Macaulay
29846 Torie       Kardos
29851 Jeffie      Monterroso
29876 Roni        Goshorn
29943 Thao        Monteiro
29953 Machelle    Bowdoin
30042 Shaunda     Ottley
30064 Jina        Halsey
30072 Sybil       Kaczynski
30122 Eugene      Faye
30220 Tristan     Boon
30266 Brittny     Mcnichols
30280 Malorie     Chalk
30364 Josie       Foye
30461 Hildegarde  Twersky
30464 Christinia  Heuer
30497 Lydia       Hubert
30515 Rashad      Ingram
30577 Jan         Federico
30592 Nathan      Treanor
30677 Chasity     Gehling
30743 Eulalia     Delvecchio
30804 Carmella    Currin
30878 Elliot      Rase
30930 Jenna       Chism
31014 Barbar      Gibbens
31021 Angie       Mcmillon
31101 Alethia     Siebert
31181 Lavette     Sam
31203 Rona        Lona
31217 Cheryle     Mcgarity
31258 Kermit      Messmer
31301 Joyce       Nystrom
31345 Luisa       Leblanc
31426 Mollie      Harnage
31444 Elidia      Premo
31457 Exie        Warshaw
31555 Mignon      Dismukes
31588 Jess        Borne
31597 Darlena     Yoshida
31669 Honey       Pawlak
31731 Claudio     Follis
31830 Rima        Piche
31877 Sheba       Maldanado
31918 Hannah      Kriger
31977 Jeanmarie   Goetzinger
32012 Karma       Wilkens
32013 Tressie     Mango
32045 Sandra      Febus
32108 Christy     Lenoir
32206 Jaquelyn    Oram
32262 Odette      Harsh
32280 Levi        Stefaniak
32287 Shanti      Syring
32297 Bryant      Milledge
32367 Millie      Willett
32388 Verena      Simard
32474 Nenita      Guillet
32511 Aileen      Schwantes
32601 Dinorah     Romeo
32697 Maryrose    Voshell
32789 Cleora      Cuthbertson
32870 Marjorie    Nies
32961 Isabell     Mcmahan
33016 Marcelo     Leavitt
33067 Waldo       Francia
33108 Lily        Killingsworth
33162 Ileen       Canela
33218 Elaina      Leard
33235 Christia    Miles
33257 Lannie      Sergent
33300 Kam         Cohn
33330 Syreeta     Scales
33421 Martin      Loar
33491 Marna       Morvant
33567 Rose        Stpierre
33648 Betsey      Nathanson
33661 Jude        Rulison
33750 Phyliss     Lavallie
33827 Luther      Wojciechowski
33828 Leone       Benzing
33917 Romaine     Holliman
33949 Ali         Parillo
34029 Carol       Fullam
34091 Tonja       Trepanier
34111 Bari        Stanwood
34121 Esteban     Yates
34202 Sharmaine   Wick
34217 Erlene      Lovins
34305 Jann        Dell
34337 Katrina     Plumber
34369 Antone      Lamontagne
34421 Elza        Zaccaria
34465 Malisa      Dahlin
34561 Winfred     Romeo
34579 Lucille     Ange
34657 Cara        Shellenbarger
34756 Sheree      Gorby
34817 Walton      Worm
34895 Yer         Eyer
34935 Coretta     Sienkiewicz
34943 Jenni       Lembo
34949 Karyn       Lute
35007 Amberly     Mealey
35059 Jean        Rael
35152 Eldridge    Mcmorran
35173 Francine    Nault
35250 Antoinette  Blodgett
35329 Arron       Vance
35410 Gwenda      Arenas
35441 Meghann     Mcclay
35445 Yvone       Ross
35447 Jana        Longino
35529 Yvette      Gamino
35612 Lavette     Heth
35619 Merrill     Lett
35661 Flavia      Branstetter
35673 Karina      Blais
35702 Mitchell    Mcanulty
35793 Charisse    Mccullough
35859 Kecia       Pickering
35937 Loraine     Benz
36029 Matthew     Ricard
36098 Darlena     Sauders
36123 Edgar       Parrish
36149 Lee         Iser
36243 Glinda      Mcgown
36334 Vito        Willcutt
36414 Hertha      Pearman
36471 Charleen    Uhrich
36473 Cecile      Swann
36551 Malorie     Bladen
36619 Catina      Mccafferty
36656 Jule        Tolley
36721 Jermaine    Sanderson
36808 Shala       Freels
36830 Theo        Lavine
36924 Agnes       Crafton
36969 Jermaine    Graig
37006 Cira        Enlow
37047 Mariana     Gartman
37071 Margo       Holzwarth
37130 Gustavo     Mcmann
37176 Jerrell     Eves
37182 Don         Patchell
37279 Jodi        Kester
37335 Zulma       Taliaferro
37431 Dina        Than
37472 Petronila   Loper
37478 Mayra       Magnani
37541 Lorraine    Knepper
37619 Elmo        Fairman
37629 Darci       Parkey
37649 Bernarda    Loux
37657 Colby       Poli
37674 Mui         Roussell
37722 Mara        Tabor
37726 Lashell     Fawcett
37771 Maximina    Sheats
37847 Gwendolyn   Tibbles
37887 Bessie      Dockstader
37956 Milda       Gabaldon
37966 Melina      Chamorro
38059 Penni       Cousar
38063 Kattie      Topp
38152 Marcie      Hommel
38167 Ahmad       Grahn
38223 Patience    Faircloth
38256 Yer         Edsall
38348 Dudley      Donelson
38373 Janelle     Voorhees
38467 Audie       Friel
38499 Richelle    Tee
38516 Terisa      Charest
38530 Angelica    Lago
38600 Niesha      Oberholtzer
38697 Roseanna    Reighard
38762 Rashad      Eisner
38800 Nelda       Hopf
38865 Buck        Zimmerman
38867 Bobbye      Slaymaker
38916 Arnold      Puterbaugh
38963 Shonna      Marti
38980 Kiley       Mcninch
39073 Heather     Riss
39122 Jacquelynn  Atterbury
39170 Willy       Rice
39206 Vivienne    Bernstein
39226 Emmie       Bart
39296 Charmaine   Angles
39348 German      Wysong
39383 Pierre      Luca
39425 Jenny       Lamarre
39474 Roman       Welke
39488 Jean        Birch
39497 Claude      Hanchett
39566 Troy        Goodsell
39639 Antonetta   Rana
39646 Iraida      Langone
39735 Leann       Brunet
39819 Soila       Dalley
39877 Shenita     Valera
39899 Lynwood     Liston
39931 Richelle    Poyner
40007 Lura        Mccaskey
40071 Mellissa    Hoggatt
40135 Fiona       Stafford
40171 Ellena      Beiler
40238 Clotilde    Frazer
40323 Buck        Sutton
40324 Teisha      Goold
40389 Bobbi       Doyle
40413 Letitia     Hebron
40426 Keturah     Serrano
40474 Maureen     Vann
40555 Moira       Wurster
40628 Granville   Palko
40697 Mike        Quigley
40768 Tuyet       Hopton
40799 Minh        Takahashi
40890 Marva       Rousey
40925 Chantay     Hickel
40979 Loan        Belvin
41008 Charmain    Mcnew
41092 Lindy       Woolf
41177 Kelvin      Hug
41208 Kraig       Reiner
41260 Mackenzie   Sloss
41306 Young       Marchan
41327 Lulu        Ackley
41350 Madonna     Vanhoy
41360 Lavona      Presson
41448 Julianne    Hehn
41484 Jasmin      Manser
41570 Francine    Juhasz
41649 Trista      Fann
41708 Isaias      Leandro
41795 Camilla     Wigington
41813 August      Row
41815 Sharolyn    Milbrandt
41831 Carmine     Devivo
41863 Salley      Pelham
41867 Lawanna     Cutlip
41871 Christa     Pollman
41941 Wanda       Endsley
42028 Nicolette   Wille
42094 Cody        Croom
42136 Kimberely   Salzer
42150 Jeanice     Reidhead
42211 Belle       Culligan
42227 Marylouise  Highsmith
42285 Edyth       Galgano
42362 Cameron     Parks
42395 Marlo       Raney
42420 Stephani    Maddix
42433 Codi        Haase
42505 Matthew     Calixte
42539 Lang        Carney
42599 Glynis      Geraghty
42604 Thomasine   Stwart
42677 Ingeborg    Smotherman
42759 Janie       Ponte
42843 Anastacia   Crayton
42877 Yer         Stiner
42943 Jed         Berge
42978 Harmony     Brookins
43027 Jane        Patricio
43043 Sandee      Harbaugh
43067 Latisha     Landrum
43098 Zona        Roll
43112 Adell       Dierking
43135 Shannon     Clark
43187 Taisha      Haun
43235 Verona      Akerley
43319 Laurinda    Tarvin
43352 Kim         Fitzhenry
43414 Willetta    Waldschmidt
43499 Mohamed     Hodson
43539 Maranda     Popa
43603 Keira       Walburn
43694 Zulma       Odum
43766 Eliseo      Sowards
43773 Joaquina    Sciacca
43790 Vonnie      Wolfinger
43840 Sudie       Lamothe
43861 Junior      Geeter
43931 Melaine     Pinckney
43972 Starr       Villafuerte
43992 Maryland    Flewelling
44020 Eloise      Kurz
44103 Joaquina    Mclead
44193 Ida         Lanahan
44248 Whitney     Westhoff
44279 Christia    Latch
44323 Creola      Gebo
44400 Jewel       Bourland
44446 Victor      Blade
44492 Gretchen    Pflum
44520 Nobuko      Bost
44584 Sybil       Mcalister
44655 Dina        Styers
44718 Min         Renn
44743 Herta       Forst
44795 Arnetta     Kogan
44891 Guadalupe   Maples
44943 Madalene    Tinner
45015 Loreen      Breton
45063 Jacki       Fiecke
45142 Charlie     Orth
45183 Kum         Christensen
45221 Julian      Chagnon
45234 Charley     Lofthouse
45323 Maude       Reel
45351 Kristina    Kingery
45406 Josephine   Sink
45460 Queenie     Angelo
45504 Jane        Coop
45580 Marni       Hazeltine
45612 Larue       Ly
45676 Catherina   Albury
45727 Rubin       Shalash
45795 Edelmira    Modzelewski
45863 Sau         Baney
45943 Latosha     Scheu
45992 Danille     Hambright
46056 Ina         Hartfield
46144 Tori        Perrin
46195 Gertude     Cheesman
46262 Faye        Bashaw
46288 Kerstin     Riegel
46313 Maud        Guardiola
46408 Jeremy      Whitacre
46472 Bart        Taunton
46544 Alease      Sakai
46607 Gabrielle   Delisle
46644 Sterling    Laird
46723 Lucile      Spivey
46753 Lyndsey     Ryba
46827 Gia         Rielly
46925 Adina       Beecroft
46985 Bryon       Brigmond
46997 Cristina    Gibney
47063 Preston     Kandoll
47110 Cira        Kellough
47113 Tempie      Gobert
47132 Yong        Keil
47184 Margo       Youngs
47248 Mindy       Aycock
47297 Lovetta     Saephan
47395 Lovie       Cookingham
47482 Vanesa      Rotolo
47510 Chloe       Mahmood
47609 Hye         Morales
47640 Ashton      Ortmann
47707 Dania       Rueckert
47801 Michal      Rieger
47874 Maisha      Andresen
47972 Julene      Valcourt
48013 Barbara     Rhymes
48079 Katharine   Jacques
48158 Sheena      Vicari
48160 Jacquline   Oler
48184 Eleonor     Lacaze
48213 Mathilde    Montoya
48239 Darnell     Bonhomme
48308 Sharell     Hix
48376 Zaida       Piermarini
48399 Epifania    Saur
48435 Nga         Biggers
48479 Sarina      Britt
48564 Jodie       Riggan
48637 Clarissa    Engle
48643 Todd        Camarillo
48720 Paulette    Bruemmer
48783 Rachel      Boyster
48808 Phuong      Shamblin
48841 Jen         Culwell
48854 Franklin    Lipari
48931 Cyndy       Yadao
49021 Bud         Papas
49039 Bettie      Helgren
49048 Shirlee     Bolger
49093 Christiana  Faucette
49169 Dorinda     Leffel
49178 Perla       Rashid
49238 Damian      Napoleon
49256 Lloyd       Kinder
49351 Kelly       Mota
49360 Madalene    Durling
49435 Veronica    Bevilacqua
49492 Marina      Bolds
49520 Kali        Holtzen
49558 Lakeisha    Bartell
49635 Donna       Mattioli
49731 Savanna     Settles
49758 Marvis      Mancia
49793 Rigoberto   Bruton
49879 Loura       Arbeiter
49900 Carlo       Blanks
49952 Julianna    Ginder
49969 Esperanza   Voorhies
49994 Shenita     Longoria

Coombes 2
Fitzhenry 2
Frazer 2
Gorby 2
Hambright 2
Latch 2
Lavallie 2
Mctaggart 2
Poore 2
Romeo 2
Schuler 2
Shamblin 2
Tibbals 2
Wampler 2
Wojciechowski 2
Wren 2
