00704 Todd        Mcanulty
00754 Palma       Blade
00894 Cristina    Schlenker
01065 Faustino    Haliburton
01253 Ashley      Tetrault
01329 Xiomara     Beard
01356 Julene      Beard
01380 Rodger      Gunderson
01480 Charlesetta Bramblett
01663 Everett     Mcanulty
01764 Benny       Dimattia
01900 Cherie      Helgren
02032 Victor      Blade
02229 Marlo       Raney
02348 Amalia      Tillery
02382 Bobbi       Doyle
02510 Sonia       Olmedo
02653 Sherika     Towers
02751 Sherry      Rambin
02860 Mindy       Olmedo
03058 Sudie       Mcanulty
03207 Troy        Grosch
03323 Vikki       Olmedo
03409 Nada        Beard
03559 Coy         Blade
03566 Lynwood     Goshorn
03685 Marcie      Hommel
03813 Jesenia     Starner
03865 Denae       Corbeil
03874 Jolanda     Plain
03957 Ezra        Schuler
04045 Ali         Obermiller
04188 Kirstie     Tetrault
04239 Marvis      Tetrault
04343 Mariana     Olmedo
04416 Jermaine    Graig
04479 Thersa      Cocke
04485 Melaine     Cheesman
04649 Corinna     Helgren
04837 Geneva      Olmedo
05019 Kristal     Illingworth
05165 Larhonda    Pino
05313 Genna       Bussell
05447 Shena       Beard
05563 Latasha     Mcanulty
05703 Sadie       Grosch
05844 Keira       Cheesman
05872 Harmony     Brookins
06003 Elois       Blade
06092 Tonja       Cheesman
06101 Sylvia      Helgren
06121 Werner      Shadle
06203 Lavona      Presson
06332 Adah        Towers
06403 Kala        Churchill
06598 Elza        Forness
06615 Elin        Mcanulty
06787 Teresita    Schlenker
06867 Leann       Brunet
07061 Hannelore   Pipes
07248 Lenore      Purdum
07351 Collette    Blade
07365 Delores     Obermiller
07526 Arianne     Tetrault
07716 Ludivina    Grosch
07717 Travis      Grosch
07893 Tatyana     Mcglynn
08059 August      Goshorn
08238 Yer         Helgren
08266 Danika      Pino
08421 Sherrie     Goshorn
08526 Miguel      Dorman
08611 Arletta     Forness
08738 Tammera     Beard
08826 Shila       Schuler
08827 Janette     Schuler
08993 Kirstie     Grosch
09069 Karri       Schuler
09176 Jean        Pino
09298 Eufemia     Towers
09444 Shonna      Marti
09591 Corina      Yurick
09716 Grisel      Blade
09890 Russell     Schuler
09937 Dina        Tetrault
09962 China       Blade
10061 Jodi        Kester
10093 Hannah      Forness
10257 Shon        Beard
10369 Providencia Olmedo
10531 Polly       Olmedo
10709 Lesha       Grasty
10843 Jenny       Tetrault
11038 Chloe       Tetrault
11197 Fabiola     Obermiller
11349 Cody        Beard
11536 Rikki       Grosch
11728 Mui         Tetrault
11885 Amie        Cheesman
12022 Tasia       Helgren
12189 Jarred      Eggleton
12229 Karyn       Pino
12312 Shanita     Schlenker
12407 Mari        Lore
12426 Jen         Pino
12600 Richie      Schuler
12658 Toni        Schlenker
12745 Amberly     Mealey
12939 Rosenda     Goshorn
12982 Mignon      Dismukes
13061 Domenic     Beard
13257 Joeann      Tetrault
13266 Gabrielle   Helgren
13457 Tobie       Tetrault
13465 Elane       Schlenker
13538 Tricia      Sae
13705 Lynsey      Haugh
13890 Doyle       Tetrault
14011 Rosana      Moitoso
14019 Lavonda     Obermiller
14148 Magaret     Pino
14346 Rigoberto   Bruton
14465 Alda        Pino
14662 Willodean   Schlenker
14666 Bryant      Schlenker
14795 Eleanore    Blade
14967 Bert        Condron
15052 Brandee     Schlenker
15192 Verline     Blade
15371 Tristan     Olmedo
15536 Jacki       Fiecke
15540 Danica      Olmedo
15587 Haley       Schlenker
15733 Asley       Cheesman
15738 Miss        Falcon
15899 Deloise     Grosch
16038 Kum         Helgren
16228 Kimberlie   Feathers
16352 Shaunda     Tamashiro
16536 Margo       Schuler
16648 Kraig       Grosch
16734 Franchesca  Blade
16829 Rose        Towers
16948 Tiffany     Shenkel
17145 Estell      Raub
17298 Jaimee      Crespo
17331 Wonda       Blade
17480 Odette      Harsh
17596 Rana        Cheesman
17769 Vinnie      Beavers
17800 Junita      Tetrault
17820 Gretchen    Towers
17910 Allegra     Schlenker
18076 Jude        Grosch
18197 Kasie       Pino
18307 Elmo        Helgren
18409 Betsey      Schlenker
18561 Ignacio     Keena
18736 Glinda      Schlenker
18802 Sandee      Schlenker
18908 Rona        Beard
19078 Lee         Gleaton
19120 Mackenzie   Forness
19136 Dagny       Bencomo
19274 Brady       Schuler
19439 Darlena     Olmedo
19586 Mathew      Sobota
19683 Charmain    Mcnew
19835 Candelaria  Poore
19876 Robby       Call
19944 Marjorie    Tetrault
20059 Loree       Ratliff
20182 Aracely     Cheesman
20343 Tori        Towers
20408 Hallie      Pendergast
20444 Hertha      Schuler
20489 Breanne     Mule
20513 Faviola     Olmedo
20518 Rosaura     Olmedo
20691 Kristofer   Ulloa
20852 Odilia      Goshorn
21011 Cordia      Kampa
21100 Jaquelyn    Towers
21153 Mara        Tabor
21227 Suzi        Grosch
21336 Taylor      Towers
21500 Exie        Tetrault
21605 Shaniqua    Schuler
21640 Dominque    Helgren
21668 Mabelle     Grosch
21829 Christinia  Heuer
22011 Danille     Schuler
22193 Cristin     Forness
22231 Tiesha      Olmedo
22378 Barbar      Gibbens
22536 Charleen    Uhrich
22695 Everett     Pino
22716 Jane        Grosch
22829 Diana       Rubinstein
22906 Bettie      Helgren
22915 Lulu        Ackley
23059 Sharell     Hix
23254 Keturah     Schlenker
23291 Marylou     Olmedo
23425 Eldridge    Schlenker
23559 Launa       Towers
23625 Isabell     Mcanulty
23806 Lyndsey     Olmedo
23927 Gia         Schlenker
23979 Tashia      Grosch
24027 Randee      Tetrault
24175 Bebe        Greenland
24342 Megan       Beard
24365 Mina        Boothby
24500 Myung       Pino
24575 Jan         Blade
24631 Verdie      Grosch
24808 Gregorio    Pino
24973 Nancy       Harlin
25080 Mauro       Schuler
25183 Faye        Beard
25306 Nathan      Grosch
25504 Francine    Juhasz
25620 Stepanie    Tetrault
25642 Verda       Cash
25751 Lily        Beard
25821 Phyliss     Lavallie
25876 Leena       Raske
25900 Natividad   Brewster
25945 Lashell     Schuler
26017 Mabelle     Obermiller
26075 Corrinne    Oloughlin
26079 Sparkle     Helgren
26266 Mickie      Blade
26303 Jina        Halsey
26343 Cara        Shellenbarger
26386 Noreen      Olmedo
26465 Alfonzo     Towers
26618 Lexie       Pino
26691 Mirna       Tetrault
26742 Shannon     Blade
26791 Eva         Vanzandt
26799 Vallie      Tetrault
26910 Ophelia     Lassiter
27106 Arnold      Olmedo
27158 Mohammad    Forness
27332 Sandra      Obermiller
27367 Ayesha      Olmedo
27423 Wenona      Wixon
27510 Samella     Dix
27576 Miguel      Cheesman
27748 Jodie       Beard
27756 Young       Marchan
27775 Stewart     Deforest
27801 Heide       Grosch
27825 Georgie     Beard
27842 Nicolette   Helgren
27920 Judith      Schuler
27935 Xavier      Tetrault
27995 Phil        Grosch
28035 Letitia     Grosch
28119 Tarra       Grosch
28287 Magdalen    Beard
28472 Antonetta   Beard
28554 Junior      Towers
28665 Merlin      Helgren
28705 Jeremy      Whitacre
28855 Xochitl     Forness
29002 Lashon      Cowling
29178 Zulma       Odum
29329 Lucile      Schuler
29441 Demetra     Revard
29443 Mellissa    Forness
29623 Sommer      Hewey
29674 Elli        Beard
29710 Dinah       Olmedo
29819 Jone        Blade
29865 German      Forness
30053 Shenita     Valera
30220 Lita        Cadorette
30363 Sibyl       Pino
30370 Lekisha     Beard
30491 Clotilde    Grosch
30591 Sheba       Grosch
30634 Tessie      Schlenker
30635 Alethia     Beard
30685 Kasie       Tetrault
30833 Garfield    Pino
30941 Nona        Schwing
31130 Belle       Schlenker
31141 Coletta     Peagler
31201 Jutta       Olmedo
31218 Mellie      Obermiller
31308 Sharmaine   Wick
31427 Corie       Beard
31515 Pennie      Tetrault
31552 Denver      Obermiller
31668 Roman       Grosch
31743 Houston     Grosch
31773 Shanon      Cumpston
31914 Dianne      Schlenker
31937 Nelly       Blade
31992 Mariko      Mcanulty
32178 Stephaine   Bragan
32267 Imelda      Olmedo
32446 Kenneth     Schuler
32612 Luther      Mcanulty
32638 Milagro     Cassese
32795 Fannie      Pankratz
32808 Katherine   Gabrielson
32837 Jana        Longino
32934 Lu          Helgren
32966 Troy        Pino
33133 Soila       Grosch
33250 Margherita  Beard
33263 Eden        Shiver
33264 Cassi       Helgren
33331 Madalene    Tinner
33387 Tatiana     Tetrault
33508 Fidelia     Beard
33695 Cira        Obermiller
33751 Amelia      Schuler
33759 Charisse    Mccullough
33939 Fawn        Secrest
33997 Bryon       Brigmond
34124 Foster      Bever
34234 Bella       Tetrault
34409 Jene        Tetrault
34415 Gladis      Tetrault
34477 Mitchell    Mcanulty
34615 Celena      Obermiller
34687 Hortensia   Obermiller
34804 Wilda       Blade
34923 Gustavo     Olmedo
35055 Janie       Obermiller
35124 Bong        Grosch
35201 Clay        Dusek
35335 Thea        Wampler
35503 Charley     Helgren
35527 Duncan      Towers
35723 Edelmira    Blade
35790 Ngoc        Price
35808 Eloise      Obermiller
35932 Michal      Rieger
36113 Rayna       Tetrault
36272 Dinorah     Towers
36329 Marivel     Loadholt
36500 Anisha      Rominger
36571 Brittny     Mcnichols
36696 Lawanna     Schlenker
36891 Lydia       Grosch
36946 Shasta      Grosch
37037 Sau         Olmedo
37176 Hassie      Beard
37354 Erlene      Obermiller
37534 Noella      Grosch
37598 Regena      Saidi
37663 Roni        Goshorn
37666 Dona        Schuler
37713 Kandy       Beard
37785 Latia       Pompa
37954 Jenelle     Forness
38097 Lola        Goshorn
38202 Rhiannon    Goshorn
38362 Minh        Takahashi
38538 Isabelle    Beard
38563 Krissy      Olmedo
38572 Mavis       Schlenker
38645 Preston     Kandoll
38832 Teena       Pino
38921 Latrisha    Tenenbaum
39024 Verena      Schlenker
39101 Honey       Pino
39141 Kristina    Kingery
39291 Retta       Underwood
39332 Len         Goshorn
39337 Beatriz     Lippard
39372 Pierre      Luca
39539 Inez        Blade
39616 Luciana     Olmedo
39755 Agatha      Helgren
39849 Lizabeth    Olmedo
40046 Lionel      Sack
40191 Kristle     Argueta
40192 Evangeline  Schwabe
40362 Danae       Wynkoop
40380 Mindy       Olmedo
40431 Audie       Friel
40466 Marni       Tetrault
40650 Nerissa     Rollo
40675 Shenita     Blade
40757 Martin      Schlenker
40826 Dorian      Tetrault
40846 Jacquline   Oler
40875 Mindi       Grosch
41069 Lanora      Lanz
41225 Walton      Beard
41342 Arnetta     Kogan
41483 Sherril     Pino
41534 Anthony     Dederick
41667 Jermaine    Sanderson
41816 Sharie      Helgren
41997 Christia    Miles
42073 Sarina      Obermiller
42216 Maryjane    Nielsen
42278 Modesto     Helgren
42473 Lincoln     Schuler
42590 Marina      Grosch
42643 Nga         Schlenker
42841 Tonia       Johanson
43036 Zona        Roll
43092 Treasa      Montford
43281 Mia         Finnell
43377 Terisa      Schlenker
43435 Dannielle   Schlenker
43511 Christa     Forness
43654 Miguelina   Schuler
43690 Malisa      Towers
43731 Aron        Ringo
43848 Luella      Tetrault
44010 Ivelisse    Schuler
44188 Kali        Beard
44370 Gertude     Cheesman
44417 Colby       Schuler
44493 Hazel       Towers
44640 Sherlyn     Neil
44691 Alease      Schlenker
44729 Majorie     Kennerly
44817 Kelly       Mota
44988 Cristin     Moretti
45155 Catina      Grosch
45272 Earnestine  Solum
45333 Robbi       Forness
45417 Beatris     Pino
45543 Lianne      Schuler
45727 Tressie     Mango
45865 Geraldo     Blade
45948 Lyndsey     Forness
46139 Margret     Beard
46252 Lannie      Sergent
46283 Etha        Pino
46307 Arron       Vance
46421 Mallie      Schlenker
46596 Nenita      Blade
46699 Shara       Knauss
46866 Danilo      Cashwell
46913 Eulalia     Schuler
47024 Dale        Beard
47124 Charlie     Beard
47203 Carol       Grosch
47289 Kamilah     Nevarez
47433 Christy     Lenoir
47475 Edgar       Schuler
47522 Tammara     Grosch
47574 Pamala      Towers
47762 Lakeshia    Beard
47879 Laurinda    Tarvin
48032 Katharine   Tetrault
48125 Bart        Taunton
48289 Breanna     Towers
48322 Hye         Grosch
48400 Carolin     Froelich
48559 Davida      Towers
48675 Dan         Lapoint
48781 Niesha      Goshorn
48800 Tonia       Tetrault
48819 Sheena      Vicari
48927 Maya        Mcanulty
48932 Socorro     Locklin
48988 Tonie       Keppel
49137 Horace      Grippo
49206 Buck        Towers
49292 Lasandra    Goshorn
49324 Darlena     Yoshida
49436 Ginger      Burgin
49472 Wen         Goshorn
49625 Maryrose    Towers
49678 Lulu        Grosch
49684 Tamera      Olmedo
49787 Alesha      Schuler
49878 Antonia     Olmedo
49885 Michaele    Schlenker
49997 Kimberely   Tetrault
50022 Maude       Goshorn
50081 Richelle    Olmedo
50277 Lisha       Agular
50453 Millicent   Schuler
50500 Launa       Helgren
50567 Carlo       Goshorn
50662 Karey       Duchene
50719 Ashton      Goshorn
50764 Marc        Cheesman
50829 Ashanti     Schlenker
51015 Edelmira    Modzelewski
51060 Theressa    Olmedo
51201 Melina      Towers
51366 Rosy        Faulkner
51402 Trey        Jacinto
51484 Lindy       Forness
51544 Eryn        Herzberg

Beard 31
Blade 22
Cheesman 10
Forness 14
Goshorn 15
Grosch 35
Helgren 20
Mcanulty 10
Obermiller 15
Olmedo 31
Pino 20
Schlenker 30
Schuler 27
Tetrault 32
Towers 21
