00704 Todd        Reuther
00754 Palma       Lavallie
00795 Cristina    Liles
00867 Faustino    Harbaugh
00956 Ashley      Briscoe
01032 Xiomara     Watrous
01059 Julene      Valcourt
01083 Rodger      Gunderson
01084 Charlesetta Boon
01168 Everett     Liles
01170 Benny       Boon
01207 Cherie      Larsen
01240 Victor      Poore
01338 Marlo       Cantero
01358 Amalia      Holliman
01392 Bobbi       Blanks
01421 Sonia       Holliman
01465 Sherika     Blanks
01563 Sherry      Cantero
01573 Mindy       Cantero
01672 Sudie       Lamothe
01722 Troy        Reichert
01739 Vikki       Stafford
01825 Nada        Lintner
01876 Coy         Costello
01883 Lynwood     Keplinger
01903 Marcie      Poore
01932 Jesenia     Starner
01984 Denae       Keplinger
01993 Jolanda     Lintner
02076 Ezra        Boon
02164 Ali         Parillo
02208 Kirstie     Poore
02259 Marvis      Montoya
02264 Mariana     Gartman
02337 Jermaine    Keplinger
02400 Thersa      Cocke
02406 Melaine     Yurick
02471 Corinna     Holliman
02560 Geneva      Liles
02643 Kristal     Stafford
02690 Larhonda    Lema
02739 Genna       Montoya
02774 Shena       Poore
02791 Latasha     Pallas
02832 Sadie       Reuther
02874 Keira       Gill
02902 Harmony     Stafford
02934 Elois       Reuther
03023 Tonja       Yurick
03032 Sylvia      Lavallie
03052 Werner      Salzer
03134 Lavona      Watrous
03164 Adah        Lavallie
03235 Kala        Gill
03331 Elza        Ryba
03348 Elin        Watrous
03421 Teresita    Boon
03501 Leann       Poore
03596 Hannelore   Pipes
03684 Lenore      Purdum
03688 Collette    Cantero
03702 Delores     Lavallie
03764 Arianne     Watrous
03855 Ludivina    Watrous
03856 Travis      Cantero
03933 Tatyana     Poore
04000 August      Row
04080 Yer         Keplinger
04108 Danika      Yurick
04164 Sherrie     Watrous
04170 Miguel      Dorman
04255 Arletta     Yurick
04283 Tammera     Mcnemar
04371 Shila       Reuther
04372 Janette     Hollowell
04439 Kirstie     Lavallie
04515 Karri       Ryba
04523 Jean        Cantero
04546 Eufemia     Wren
04593 Shonna      Yurick
04641 Corina      Yurick
04667 Grisel      Pineiro
04742 Russell     Montoya
04789 Dina        Styers
04814 China       Lavallie
04913 Jodi        Yurick
04945 Hannah      Spivey
05010 Shon        Keplinger
05023 Providencia Goewey
05086 Polly       Cantero
05165 Lesha       Keplinger
05200 Jenny       Gill
05296 Chloe       Boon
05356 Fabiola     Keplinger
05409 Cody        Watrous
05497 Rikki       Spivey
05590 Mui         Lavallie
05648 Amie        Lintner
05686 Tasia       Yurick
05754 Jarred      Lavallie
05794 Karyn       Poore
05877 Shanita     Convery
05972 Mari        Lore
05991 Jen         Stafford
06066 Richie      Wingo
06124 Toni        Fausto
06211 Amberly     Blanks
06306 Rosenda     Salzer
06349 Mignon      Lintner
06428 Domenic     Holliman
06525 Joeann      Salzer
06534 Gabrielle   Cantero
06626 Tobie       Correa
06634 Elane       Salzer
06707 Tricia      Sae
06775 Lynsey      Salzer
06861 Doyle       Perrella
06883 Rosana      Moitoso
06891 Lavonda     Watrous
06921 Magaret     Ryba
07020 Rigoberto   Spivey
07040 Alda        Luton
07138 Willodean   Hadsell
07142 Bryant      Milledge
07172 Eleanore    Harbaugh
07245 Bert        Condron
07330 Brandee     Jhonson
07371 Verline     Reuther
07451 Tristan     Boon
07517 Jacki       Boon
07521 Danica      Lintner
07568 Haley       Holliman
07615 Asley       Ma
07620 Miss        Falcon
07682 Deloise     Blumberg
07722 Kum         Christensen
07813 Kimberlie   Feathers
07838 Shaunda     Boon
07923 Margo       Montoya
07936 Kraig       Reiner
08022 Franchesca  Keplinger
08117 Rose        Stpierre
08137 Tiffany     Shenkel
08235 Estell      Raub
08289 Jaimee      Crespo
08322 Wonda       Stafford
08372 Odette      Harsh
08389 Rana        Cantero
08463 Vinnie      Harbaugh
08494 Junita      Weimar
08514 Gretchen    Blanks
08604 Allegra     Lavallie
08671 Jude        Harbaugh
08693 Kasie       Blanks
08704 Elmo        Fairman
08707 Betsey      Watrous
08760 Ignacio     Keena
08836 Glinda      Boon
08902 Sandee      Harbaugh
08909 Rona        Salzer
08980 Lee         Gleaton
09022 Mackenzie   Cantero
09038 Dagny       Bencomo
09077 Brady       Dougherty
09143 Darlena     Lindberg
09191 Mathew      Sobota
09288 Charmain    Lema
09341 Candelaria  Poore
09382 Robby       Spivey
09450 Marjorie    Lavallie
09466 Loree       Lema
09490 Aracely     Boon
09552 Tori        Stafford
09617 Hallie      Pendergast
09653 Hertha      Pearman
09698 Breanne     Mule
09722 Faviola     Burson
09727 Rosaura     Amodeo
09801 Kristofer   Liles
09863 Odilia      Harbaugh
09923 Cordia      Yurick
10012 Jaquelyn    Blanks
10065 Mara        Harbaugh
10139 Suzi        Spivey
10149 Taylor      Holliman
10214 Exie        Warshaw
10220 Shaniqua    Harbaugh
10255 Dominque    Stafford
10283 Mabelle     Spivey
10345 Christinia  Lavallie
10428 Danille     Hambright
10511 Cristin     Watrous
10549 Tiesha      Holliman
10597 Barbar      Gibbens
10656 Charleen    Uhrich
10716 Everett     Malinowski
10737 Jane        Patricio
10751 Diana       Poore
10828 Bettie      Cantero
10837 Lulu        Lintner
10882 Sharell     Spivey
10978 Keturah     Serrano
11015 Marylou     Mccoll
11050 Eldridge    Mcmorran
11085 Launa       Pitcock
11151 Isabell     Mcmahan
11233 Lyndsey     Gill
11255 Gia         Cantero
11307 Tashia      Konkol
11355 Randee      Lintner
11404 Bebe        Greenland
11472 Megan       Reuther
11495 Mina        Gill
11531 Myung       Liles
11606 Jan         Lema
11662 Verdie      Liles
11740 Gregorio    Lavergne
11806 Nancy       Watrous
11814 Mauro       Gill
11818 Faye        Spivey
11842 Nathan      Watrous
11941 Francine    Ryba
11958 Stepanie    Salzer
11980 Verda       Cash
11990 Lily        Lema
12060 Phyliss     Lavallie
12115 Leena       Lavallie
12139 Natividad   Brewster
12184 Lashell     Fawcett
12256 Mabelle     Blanks
12314 Corrinne    Oloughlin
12318 Sparkle     San
12406 Mickie      Poore
12443 Jina        Lintner
12483 Cara        Salzer
12526 Noreen      Stafford
12605 Alfonzo     Watrous
12659 Lexie       Gill
12732 Mirna       Ryba
12783 Shannon     Harbaugh
12832 Eva         Vanzandt
12840 Vallie      Schlichting
12852 Ophelia     Lassiter
12949 Arnold      Puterbaugh
13001 Mohammad    Montoya
13076 Sandra      Boon
13111 Ayesha      Trueman
13167 Wenona      Wixon
13254 Samella     Harbaugh
13320 Miguel      Devino
13393 Jodie       Keplinger
13401 Young       Marchan
13420 Stewart     Ryba
13446 Heide       Boon
13470 Georgie     Watrous
13487 Nicolette   Yurick
13565 Judith      Poore
13580 Xavier      Holliman
13640 Phil        Yurick
13680 Letitia     Cantero
13764 Tarra       Goding
13833 Magdalen    Montoya
13919 Antonetta   Keplinger
14001 Junior      Keplinger
14013 Merlin      Caceres
14053 Jeremy      Holliman
14104 Xochitl     Yurick
14152 Lashon      Cowling
14229 Zulma       Odum
14281 Lucile      Spivey
14294 Demetra     Revard
14296 Mellissa    Watrous
14377 Sommer      Keplinger
14428 Elli        Dockins
14464 Dinah       Schlatter
14474 Jone        Reuther
14520 German      Gill
14609 Shenita     Lema
14677 Lita        Boon
14721 Sibyl       Boon
14728 Lekisha     Cantero
14750 Clotilde    Frazer
14751 Sheba       Keplinger
14794 Tessie      Poore
14795 Alethia     Lavallie
14845 Kasie       Montoya
14894 Garfield    Watrous
14903 Nona        Yurick
14993 Belle       Culligan
15004 Coletta     Stafford
15064 Jutta       Slaubaugh
15081 Mellie      Matney
15171 Sharmaine   Gill
15191 Corie       Gill
15279 Pennie      Krell
15316 Denver      Montoya
15333 Roman       Gill
15408 Houston     Lavallie
15438 Shanon      Reuther
15480 Dianne      Castille
15503 Nelly       Yurick
15558 Mariko      Ryba
15645 Stephaine   Lema
15734 Imelda      Lema
15814 Kenneth     Yurick
15881 Luther      Spivey
15907 Milagro     Cassese
15965 Fannie      Lintner
15978 Katherine   Gabrielson
16007 Jana        Lema
16104 Lu          Montoya
16136 Troy        Lema
16204 Soila       Dalley
16222 Margherita  Lavallie
16235 Eden        Blanks
16236 Cassi       Liles
16303 Madalene    Lema
16359 Tatiana     Keplinger
16381 Fidelia     Cantero
16469 Cira        Enlow
16525 Amelia      Lintner
16533 Charisse    Gill
16614 Fawn        Stafford
16672 Bryon       Brigmond
16700 Foster      Keplinger
16711 Bella       Palomares
16787 Jene        Poore
16793 Gladis      Arzola
16855 Mitchell    Mcanulty
16894 Celena      Harbaugh
16966 Hortensia   Liles
16984 Wilda       Ryba
17004 Gustavo     Holliman
17037 Janie       Salzer
17106 Bong        Golson
17183 Clay        Poore
17218 Thea        Blanks
17287 Charley     Harbaugh
17311 Duncan      Trunzo
17408 Edelmira    Siu
17475 Ngoc        Salzer
17493 Eloise      Yurick
17518 Michal      Lema
17600 Rayna       Keplinger
17660 Dinorah     Blanks
17717 Marivel     Loadholt
17789 Anisha      Boon
17860 Brittny     Cantero
17886 Lawanna     Gill
17982 Lydia       Cantero
18037 Shasta      Cantero
18128 Sau         Boon
18168 Hassie      Wilkerson
18247 Erlene      Keplinger
18328 Noella      Watrous
18392 Regena      Yurick
18457 Roni        Lavallie
18460 Dona        Yurick
18507 Kandy       Salzer
18579 Latia       Lintner
18649 Jenelle     Savant
18693 Lola        Dulle
18699 Rhiannon    Stafford
18760 Minh        Yurick
18837 Isabelle    Yurick
18862 Krissy      Poore
18871 Mavis       Watrous
18944 Preston     Blanks
19032 Teena       Yurick
19121 Latrisha    Harbaugh
19125 Verena      Simard
19202 Honey       Watrous
19242 Kristina    Stafford
19293 Retta       Keplinger
19334 Len         Reuther
19339 Beatriz     Lippard
19374 Pierre      Luca
19442 Inez        Harbaugh
19519 Luciana     Harbaugh
19559 Agatha      Schilling
19653 Lizabeth    Cantero
19751 Lionel      Cantero
19797 Kristle     Yurick
19798 Evangeline  Boon
19869 Danae       Ryba
19887 Mindy       Salzer
19938 Audie       Friel
19973 Marni       Hazeltine
20058 Nerissa     Gill
20083 Shenita     Reuther
20165 Martin      Watrous
20234 Dorian      Watrous
20254 Jacquline   Boon
20283 Mindi       Poore
20378 Lanora      Salzer
20435 Walton      Worm
20453 Arnetta     Kogan
20495 Sherril     Herren
20546 Anthony     Dederick
20580 Jermaine    Stafford
20630 Sharie      Cantero
20712 Christia    Holliman
20788 Sarina      Yurick
20832 Maryjane    Cantero
20894 Modesto     Liles
20990 Lincoln     Sandage
21008 Marina      Bolds
21061 Nga         Blanks
21160 Tonia       Cantero
21256 Zona        Liles
21312 Treasa      Montford
21402 Mia         Poore
21498 Terisa      Boon
21556 Dannielle   Falls
21632 Christa     Holliman
21676 Miguelina   Arbogast
21712 Malisa      Liles
21753 Aron        Boon
21771 Luella      Reuther
21834 Ivelisse    Wojciechowski
21913 Kali        Holtzen
21996 Gertude     Cantero
22043 Colby       Stafford
22119 Hazel       Poore
22167 Sherlyn     Poore
22218 Alease      Sakai
22256 Majorie     Reuther
22344 Kelly       Boon
22416 Cristin     Reuther
22484 Catina      Mccafferty
22502 Earnestine  Liles
22563 Robbi       Cantero
22647 Beatris     Poore
22674 Lianne      Montoya
22759 Tressie     Mango
22798 Geraldo     Spivey
22881 Lyndsey     Ryba
22973 Margret     Augustyn
22987 Lannie      Sergent
23018 Etha        Pino
23042 Arron       Vance
23057 Mallie      Harbaugh
23133 Nenita      Boon
23137 Shara       Holliman
23205 Danilo      Salzer
23252 Eulalia     Delvecchio
23264 Dale        Ryba
23265 Charlie     Poore
23344 Carol       Blanks
23430 Kamilah     Harbaugh
23475 Christy     Boon
23517 Edgar       Parrish
23564 Tammara     Huseman
23616 Pamala      Gowdy
23705 Lakeshia    Keplinger
23723 Laurinda    Stafford
23777 Katharine   Jacques
23870 Bart        Taunton
23935 Breanna     Montoya
23968 Hye         Liles
24046 Carolin     Froelich
24106 Davida      Lema
24123 Dan         Poore
24130 Niesha      Oberholtzer
24149 Tonia       Liles
24168 Sheena      Vicari
24177 Maya        Salzer
24182 Socorro     Liles
24238 Tonie       Reuther
24288 Horace      Grippo
24357 Buck        Watrous
24443 Lasandra    Reuther
24475 Darlena     Harbaugh
24488 Ginger      Cantero
24524 Wen         Cantero
24578 Maryrose    Voshell
24631 Lulu        Liles
24637 Tamera      Cantero
24641 Alesha      Lema
24732 Antonia     Seldon
24739 Michaele    Lintner
24752 Kimberely   Salzer
24777 Maude       Poore
24836 Richelle    Poyner
24933 Lisha       Montoya
25010 Millicent   Lintner
25057 Launa       Bucholz
25124 Carlo       Blanks
25219 Karey       Keplinger
25276 Ashton      Cantero
25321 Marc        Poore
25386 Ashanti     Stafford
25473 Edelmira    Modzelewski
25518 Theressa    Malta
25560 Melina      Lavallie
25626 Rosy        Stafford
25662 Trey        Jacinto
25744 Lindy       Lema
25804 Eryn        Keplinger
25880 Kassie      Watrous
25926 Penelope    Fleet
25980 Andree      Reuther
25993 Serita      Thorton
26008 Sherell     Salzer
26023 Jed         Poore
26029 Stephani    Maddix
26096 Margurite   Ryba
26113 Hilaria     Her
26120 Piedad      Lema
26167 Lura        Mccaskey
26253 Randell     Reuther
26339 Chasity     Blanks
26419 Jan         Federico
26423 Elijah      Montoya
26512 Willy       Harbaugh
26611 Lang        Liles
26660 Lenita      Cull
26738 Winfred     Keplinger
26774 Shawnda     Liles
26818 Donna       Stafford
26906 Matthew     Yurick
26974 Janelle     Cantero
27052 Deanna      Liles
27110 Graig       Holliman
27167 Reynaldo    Liles
27189 Leticia     Ryba
27257 Jeanette    Yurick
27340 Wanda       Liles
27420 Eugenia     Poore
27478 Tabetha     Harbaugh
27562 Katia       Cantero
27649 Lee         Lema
27673 Galina      Paterson
27729 Regenia     Waddle
27782 Barbra      Schindler
27844 Tamisha     Watrous
27862 Bob         Montoya
27891 Leana       Ryba
27933 Phyllis     Gill
27997 Lina        Reuther
28087 Ma          Cantero
28143 Majorie     Yurick
28222 Doug        Holliman
28227 Lavette     Heth
28255 Luther      Wojciechowski
28317 Beatris     Harbaugh
28319 Nilsa       Cantero
28365 Jenise      Wisniewski
28396 Pearl       Salzer
28442 Ora         Kaczor
28501 Fermina     Cantero
28514 Demetra     Heyman
28523 Yvette      Gamino
28596 Jean        Stafford
28695 Tuyet       Ryba
28775 Setsuko     Spivey
28830 Akiko       Hocutt
28890 Myriam      Axel
28951 Vanda       Pogue
29001 Babette     Gill
29059 Dawna       Watrous
29071 Mike        Ryba
29136 Winona      Bayer
29206 Shawnda     Dearing
29279 Jeffie      Yurick
29365 Vito        Blanks
29452 Kurt        Salzer
29466 Yer         Yurick
29513 Rebbeca     Filippi
29552 Latosha     Gupta
29611 Kymberly    Keplinger
29670 Shirlee     Spivey
29749 Bambi       Blanks
29841 Coreen      Cifaldi
29928 Loraine     Salzer
29937 Deane       Reuther
29969 Milda       Poore
29982 Iliana      Agarwal
30042 Irish       Montoya
30120 Emmie       Salzer
30199 Freeman     Alessi
30241 Charla      Jagger
30246 Ramon       Salzer
30335 Richelle    Yurick
30427 Alethia     Fairclough
30467 Fannie      Capasso
30546 Tressa      Spivey
30643 Joaquina    Watrous
30703 Epifania    Saur
30708 Siobhan     Yurick
30770 Loan        Gill
30772 Dawna       Yoshimoto
30800 Colton      Reuther
30828 Shari       Roush
30845 Kelvin      Cantero
30897 Marlana     Boon
30984 Margret     Lavallie
31024 Jean        Rael
31117 Lorinda     Bracamonte
31127 Tianna      Lintner
31193 Bernetta    Riemann
31209 Claudio     Follis
31266 Mathilde    Montoya
31336 Rubin       Gill
31389 Madge       Liles
31470 Ivan        Lavallie
31567 Lynelle     Maysonet
31577 Andre       Harbaugh
31609 Hosea       Lintner
31613 Bessie      Spivey
31711 Tosha       Scales
31784 Glynis      Stafford
31826 Merilyn     Epling
31829 Francine    Reuther
31872 Veronique   Salzer
31904 Bradly      Spivey
31940 Hae         Boon
31999 Mattie      Keplinger
32019 Thuy        Mckamie
32092 Camilla     Spivey
32149 Miesha      Gascon
32219 Roslyn      Salcedo
32225 Mike        Quigley
32248 Grisel      Watrous
32263 Esteban     Yates
32279 Leilani     Pruett
32369 Portia      Liles
32427 Franklin    Watrous
32496 Camila      Pastor
32584 Marlana     Cauble
32620 Berna       Boon
32652 Sophia      Kost
32655 Bonnie      Liles
32715 Sybil       Poore
32723 Latisha     Liles
32780 Julianne    Holliman
32784 Kristi      Cliett
32810 Vivan       Blanks
32892 Shawnda     Liles
32958 Kimberli    Liles
32990 Kamilah     Yurick
32994 Jann        Lavallie
33078 Eloise      Cantero
33080 Christian   Brooking
33154 Felice      Troia
33186 Thi         Weems
33219 Delicia     Watrous
33266 Royal       Watrous
33356 Eugenia     Cantero
33398 Daniell     Mckeon
33460 Otto        Bode
33526 Alphonso    Mcjunkin
33569 Bobbye      Liles
33613 Hildegarde  Cantero
33616 Detra       Harbaugh
33662 Millie      Boon
33761 Herta       Farfan
33768 Machelle    Cantero
33837 Shayna      Poore
33846 Aleshia     Au
33872 Contessa    Poore
33947 Eliseo      Lema
34010 Buck        Zimmerman
34021 Agnes       Cantero
34058 Iraida      Granier
34154 Ashanti     Stafford
34169 Sarita      Warriner
34246 Kira        Dubay
34279 Rachel      Yurick
34377 Whitney     Yurick
34475 Consuelo    Oropeza
34556 Millicent   Lema
34648 Ashlie      Liles
34652 Moira       Cantero
34671 Alma        Mayers
34705 Shaunda     Liles
34747 Vivan       Liles
34758 Gertrud     Schank
34770 Suzie       Stafford
34860 Clarine     Salzer
34931 Josette     Vandergrift
34955 Ileen       Keplinger
35032 Don         Stafford
35067 Ida         Blanks
35091 Irvin       Lavallie
35174 Jasmin      Salzer
35227 Rashad      Eisner
35275 Danilo      Ryba
35299 Brande      Ryba
35350 Margie      Goupil
35424 Cheryle     Mcgarity
35446 Margo       Holzwarth
35526 Jacquelynn  Lintner
35539 Tanja       Liles
35545 Susy        Ryba
35569 Jerrell     Stafford
35583 Sheree      Gorby
35652 Danyel      Reuther
35673 Lesia       Sasse
35760 Jeanmarie   Salzer
35809 Bonny       Kohl
35853 Kecia       Pickering
35940 Cyndy       Yadao
35949 Cherelle    Watrous
35984 Penni       Lavallie
36002 Eugene      Yurick
36040 Meghann     Mullin
36077 Dudley      Liles
36098 Darlene     Yurick
36183 Garret      Holliman
36188 Rashad      Ingram
36249 Kiley       Mcninch
36301 Meghann     Mcclay
36361 Arlyne      Huffine
36434 Sheri       Salzer
36464 Sterling    Poore
36477 Leandra     Salzer
36497 Willetta    Gill
36539 Alisha      Stanford
36593 Williams    Stafford
36679 Latia       Falbo
36703 Cathie      Fairall
36760 Domenic     Stafford
36772 Marielle    Ryba
36833 Granville   Palko
36921 Jayna       Holliman
37005 Magan       Ballow
37099 Kia         Reuther
37136 Cara        Niemi
37180 Mollie      Gill
37278 Riva        Boon
37315 Lin         Harbaugh
37388 Maggie      Blanks
37466 Rolande     Ransome
37540 Trista      Liles
37583 Beatris     Salzer
37623 Adina       Beecroft
37702 Damian      Watrous
37716 Jeana       Vanhooser
37790 Gerry       Liles
37886 Nicola      Reuther
37967 Rebecka     Monier
37990 Chantell    Lema
37997 Romaine     Holliman
38062 Maddie      Taube
38089 Eliz        Gill
38180 Margert     Poore
38183 Lahoma      Cantero
38218 Lanie       Watrous
38273 Coretta     Salzer
38310 Darlena     Jurgens
38345 Jewel       Salzer
38393 Breanna     Poore
38414 Edyth       Galgano
38420 Perla       Rashid
38512 Esperanza   Voorhies
38521 Teresa      Holliman
38581 Adelina     Bier
38677 Elaina      Yurick
38772 Winnie      Blanks
38840 Lakeshia    Stafford
38851 Whitley     Coles
38908 Alecia      Martello
38984 Santiago    Lavallie
39018 Iraida      Boon
39108 Tiffany     Montoya
39177 Gwenda      Montoya
39210 Ghislaine   Blanks
39255 Savanna     Settles
39301 Malorie     Yurick
39349 Annabelle   Magoon
39357 Mohamed     Ryba
39415 German      Shores
39506 Morris      Cowles
39564 Loura       Blanks
39586 Tempie      Gill
39587 Heather     Riss
39614 Phuong      Spivey
39622 Queenie     Holliman
39624 Jeanice     Reidhead
39649 Christia    Latch
39714 Pedro       Stafford
39801 Judi        Liles
39813 Tamisha     Cantero
39842 Charmaine   Blanks
39899 Latoria     Stafford
39943 Richelle    Radke
40015 Terry       Hauser
40084 Eleonora    Mcgaughy
40140 Cleora      Keplinger
40171 Evita       Thornburg
40214 Lorraine    Cantero
40241 Vanesa      Lavallie
40321 Mandy       Swartout
40361 Pearly      Neuner
40412 Lloyd       Kinder
40481 Felisa      Rodriguz
40521 Crystal     Poore
40589 Carmella    Liles
40657 Clinton     Cantero
40709 Tereasa     Ryba
40804 Maranda     Popa
40886 Malorie     Lavallie
40977 Sharyn      Stafford
40990 Amberly     Saffold
41071 Charley     Salzer
41160 Christiana  Dunagan
41208 Ericka      Lema
41219 Thomasine   Cantero
41299 Min         Holliman
41331 Lavette     Sam
41400 Lorine      Moyle
41424 Linh        Weyand
41517 Ciera       Arab
41550 Maureen     Watrous
41597 Chasidy     Henriksen
41603 Shala       Poore
41680 Regine      Spivey
41705 Kerstin     Riegel
41762 Guadalupe   Boon
41764 Maisha      Andresen
41843 Luvenia     Watrous
41899 Barney      Rizzo
41901 Chieko      Lavallie
41998 Isaura      Gill
42081 Kam         Lintner
42105 Mauro       Cantero
42108 Isaiah      Ryba
42134 Lovie       Ryba
42193 Alfred      Cantero
42240 Lang        Spivey
42328 Tiffaney    Tibbals
42343 Lenore      Schwartzman
42373 Noe         Cantero
42463 Felton      Harbaugh
42545 Marcelo     Salzer
42617 Avis        Lema
42705 Antoinette  Blodgett
42783 Kam         Spivey
42857 Mallory     Ryba
42864 Lesli       Love
42894 Josephine   Sink
42904 Jule        Watrous
42950 Lovetta     Saephan
43034 Eleonor     Lacaze
43094 Chantay     Lema
43186 Emeline     Lema
43242 Donella     Lema
43259 Samatha     Keplinger
43297 Antone      Lamontagne
43339 Patience    Faircloth
43387 Angelo      Liles
43461 Sheila      Stano
43465 Katrina     Keplinger
43491 Boris       Garlick
43575 Mozell      Liles
43592 Vashti      Mcwilliam
43669 Marya       Poore
43690 Jeffie      Monterroso
43761 Katherina   Watrous
43823 Bud         Holliman
43875 Adell       Dierking
43944 Catherina   Watrous
44025 Kathie      Lavallie
44080 Lakeisha    Bartell
44150 Flavia      Holliman
44228 Laronda     Lema
44259 Rochell     Montoya
44316 Patsy       Poore
44338 Tammi       Merten
44409 Mindy       Clemente
44444 Jacki       Blanks
44501 Darlena     Reuther
44543 Owen        Blanks
44563 Marna       Keplinger
44633 Yer         Edsall
44703 Hermina     Bieber
44758 Aletha      Mcdowell
44830 Thao        Monteiro
44926 Dorinda     Cantero
44986 Starr       Villafuerte
45010 Vernon      Lema
45030 Darnell     Bonhomme
45076 Mozelle     Yurick
45138 Domenic     Watrous
45211 Wes         Crisci
45291 Alison      Spagnuolo
45339 Luana       Ryba
45425 Georgiana   Hayek
45462 Alta        Yurick
45539 Essie       Gill
45631 Carleen     Ryba
45676 Eulalia     Yurick
45770 Larissa     Free
45854 Magali      Reuther
45929 Philomena   See
45975 Trena       Partington
46035 Dave        Cantero
46125 Yong        Harbaugh
46209 Tony        Altman
46210 Krystal     Poage
46272 Sasha       Lintner
46371 Angie       Mcmillon
46382 Luisa       Leblanc
46473 Joyce       Lema
46477 Cheyenne    Keplinger
46551 Charity     Lavallie
46629 Latrina     Salzer
46678 Karina      Blais
46717 Jenna       Liles
46778 Genevieve   Liles
46851 Ima         Salzer
46943 Boris       Janicki
46985 Paulette    Bruemmer
47002 Dina        Cantero
47050 Julian      Chagnon
47101 Vera        Unknow
47106 Howard      Loomis
47149 Odell       Liles
47248 Zoraida     Spurgin
47313 Kraig       Liles
47371 Yvone       Spivey
47446 Carolee     Stengel
47545 Magnolia    Heilig
47594 Adah        Liles
47629 Carmelita   Gilman
47651 Gertie      Watrous
47706 Sammie      Poore
47734 Sherrell    Blanks
47802 Sharan      Blanks
47806 Tonita      Lavallie
47894 Gwendolyn   Yurick
47936 Suzanna     Watrous
48000 Cameron     Holliman
48079 Rima        Stafford
48111 Lesley      Yurick
48209 Saundra     Holliman
48233 Adriane     Liles
48257 Maryland    Stuhr
48356 Shanel      Ryba
48360 Fiona       Stafford
48406 Branda      Boon
48440 Monroe      Ryba
48481 Margorie    Keplinger
48509 Bari        Holliman
48526 Cecile      Reuther
48554 Margeret    Poore
48599 Tyra        Lavallie
48637 Allen       Ryba
48726 Kittie      Freitag
48747 Ashlie      Watrous
48837 Madonna     Salzer
48907 Mirtha      Harbaugh
48971 Chance      Slick
48999 Tad         Watrous
49023 Belinda     Ryba
49082 Antonia     Mack
49173 Jefferson   Watrous
49174 Leone       Lintner
49217 Alfredo     Ryba
49310 Alia        Stafford
49389 Neida       Poore
49416 Annelle     Montoya
49499 Gia         Gill
49530 Kasi        Keplinger
49583 Neil        Elza
49592 Gale        Abernathy
49665 Denisse     Boon
49693 Corina      Yurick
49725 Leonia      Baehr
49773 Ellena      Watrous
49836 Veronique   Keplinger
49861 Summer      Lema
49942 Edward      Watrous
49990 Marilynn    Salzer
49991 Sophia      Harbaugh
50034 Devona      Gill
50132 Stacy       Salzer
50213 Mee         Watrous
50243 Jenny       Lamarre
50269 Vertie      Schwindt
50356 Madalene    Durling
50362 Maud        Liles
50382 Codi        Haase
50461 Taisha      Blanks
50556 Pei         Montoya
50640 Despina     Montoya
50729 Tuan        Lobel
50799 Sam         Lema
50856 Margarita   Liles
50874 Mayra       Reuther
50890 Karisa      Aron
50989 Tisa        Wagers
50995 Kasie       Keplinger
51003 Elliot      Liles
51012 Charlene    Briones
51039 Bruna       Arrieta
51063 Tamika      Stafford
51136 Maximina    Sheats

Blanks 29
Boon 32
Cantero 52
Gill 26
Harbaugh 28
Holliman 27
Keplinger 34
Lavallie 31
Lema 30
Liles 48
Lintner 19
Montoya 22
Poore 40
Reuther 28
Ryba 32
Salzer 38
Spivey 22
Stafford 34
Watrous 47
Wojciechowski 2
Yurick 43
