00704 Todd        Reuther
00754 Palma       Lehto
00795 Cristina    Lema
00867 Faustino    Haliburton
00956 Ashley      Briscoe
01032 Xiomara     Gill
01059 Julene      Valcourt
01083 Rodger      Reuther
01084 Charlesetta Blanks
01168 Everett     Lema
01170 Benny       Dimattia
01207 Cherie      Blanks
01240 Victor      Lema
01338 Marlo       Lintner
01358 Amalia      Reuther
01392 Bobbi       Montoya
01421 Sonia       Montoya
01465 Sherika     Towers
01563 Sherry      Reuther
01573 Mindy       Montoya
01672 Sudie       Reuther
01722 Troy        Reichert
01739 Vikki       Blackmon
01825 Nada        Spivey
01876 Coy         Lintner
01883 Lynwood     Lema
01903 Marcie      Hommel
01932 Jesenia     Starner
01984 Denae       Spivey
01993 Jolanda     Blanks
02076 Ezra        Dibiase
02164 Ali         Parillo
02208 Kirstie     Blanks
02259 Marvis      Reuther
02264 Mariana     Gartman
02337 Jermaine    Harbaugh
02400 Thersa      Lintner
02406 Melaine     Spivey
02471 Corinna     Lintner
02560 Geneva      Wilkinson
02643 Kristal     Illingworth
02690 Larhonda    Gill
02739 Genna       Holliman
02774 Shena       Blanks
02791 Latasha     Pallas
02832 Sadie       Spivey
02874 Keira       Walburn
02902 Harmony     Brookins
02934 Elois       Printup
03023 Tonja       Harbaugh
03032 Sylvia      Reuther
03052 Werner      Shadle
03134 Lavona      Blanks
03164 Adah        Holliman
03235 Kala        Churchill
03331 Elza        Montoya
03348 Elin        Spivey
03421 Teresita    Harbaugh
03501 Leann       Lintner
03596 Hannelore   Gill
03684 Lenore      Purdum
03688 Collette    Grauer
03702 Delores     Harbaugh
03764 Arianne     Holliman
03855 Ludivina    Fane
03856 Travis      Beauchesne
03933 Tatyana     Mcglynn
04000 August      Holliman
04080 Yer         Harbaugh
04108 Danika      Ecklund
04164 Sherrie     Spivey
04170 Miguel      Dorman
04255 Arletta     Reuther
04283 Tammera     Gill
04371 Shila       Gilpin
04372 Janette     Blanks
04439 Kirstie     Holliman
04515 Karri       Stambaugh
04523 Jean        Montoya
04546 Eufemia     Montoya
04593 Shonna      Lema
04641 Corina      Yurick
04667 Grisel      Holliman
04742 Russell     Montoya
04789 Dina        Styers
04814 China       Holliman
04913 Jodi        Kester
04945 Hannah      Kriger
05010 Shon        Lintner
05023 Providencia Goewey
05086 Polly       Montoya
05165 Lesha       Blanks
05200 Jenny       Spivey
05296 Chloe       Reuther
05356 Fabiola     Lema
05409 Cody        Reuther
05497 Rikki       Wampler
05590 Mui         Reuther
05648 Amie        Lintner
05686 Tasia       Mctaggart
05754 Jarred      Lema
05794 Karyn       Lute
05877 Shanita     Lema
05972 Mari        Blanks
05991 Jen         Reuther
06066 Richie      Wingo
06124 Toni        Fausto
06211 Amberly     Blanks
06306 Rosenda     Kirschner
06349 Mignon      Reuther
06428 Domenic     Harbaugh
06525 Joeann      Womer
06534 Gabrielle   Harbaugh
06626 Tobie       Harbaugh
06634 Elane       Harbaugh
06707 Tricia      Sae
06775 Lynsey      Haugh
06861 Doyle       Perrella
06883 Rosana      Blanks
06891 Lavonda     Okafor
06921 Magaret     Blanks
07020 Rigoberto   Bruton
07040 Alda        Luton
07138 Willodean   Hadsell
07142 Bryant      Lema
07172 Eleanore    Willey
07245 Bert        Condron
07330 Brandee     Jhonson
07371 Verline     Spivey
07451 Tristan     Montoya
07517 Jacki       Fiecke
07521 Danica      Rollman
07568 Haley       Reuther
07615 Asley       Ma
07620 Miss        Blanks
07682 Deloise     Blumberg
07722 Kum         Harbaugh
07813 Kimberlie   Feathers
07838 Shaunda     Tamashiro
07923 Margo       Harbaugh
07936 Kraig       Montoya
08022 Franchesca  Keplinger
08117 Rose        Harbaugh
08137 Tiffany     Gill
08235 Estell      Montoya
08289 Jaimee      Blanks
08322 Wonda       Traver
08372 Odette      Blanks
08389 Rana        Vrooman
08463 Vinnie      Harbaugh
08494 Junita      Harbaugh
08514 Gretchen    Pflum
08604 Allegra     Lintner
08671 Jude        Spivey
08693 Kasie       Blanks
08704 Elmo        Fairman
08707 Betsey      Lintner
08760 Ignacio     Keena
08836 Glinda      Mcgown
08902 Sandee      Harbaugh
08909 Rona        Lona
08980 Lee         Gleaton
09022 Mackenzie   Sloss
09038 Dagny       Lema
09077 Brady       Montoya
09143 Darlena     Lindberg
09191 Mathew      Lema
09288 Charmain    Montoya
09341 Candelaria  Lema
09382 Robby       Gill
09450 Marjorie    Harbaugh
09466 Loree       Harbaugh
09490 Aracely     Saiz
09552 Tori        Perrin
09617 Hallie      Holliman
09653 Hertha      Blanks
09698 Breanne     Mule
09722 Faviola     Montoya
09727 Rosaura     Reuther
09801 Kristofer   Blanks
09863 Odilia      Peasley
09923 Cordia      Spivey
10012 Jaquelyn    Oram
10065 Mara        Lema
10139 Suzi        Norman
10149 Taylor      Blanks
10214 Exie        Warshaw
10220 Shaniqua    Harbaugh
10255 Dominque    Montoya
10283 Mabelle     Kappler
10345 Christinia  Lema
10428 Danille     Lema
10511 Cristin     Brocato
10549 Tiesha      Roosa
10597 Barbar      Gibbens
10656 Charleen    Spivey
10716 Everett     Harbaugh
10737 Jane        Montoya
10751 Diana       Holliman
10828 Bettie      Blanks
10837 Lulu        Lema
10882 Sharell     Hix
10978 Keturah     Montoya
11015 Marylou     Blanks
11050 Eldridge    Mcmorran
11085 Launa       Blanks
11151 Isabell     Mcmahan
11233 Lyndsey     Schoening
11255 Gia         Holliman
11307 Tashia      Blanks
11355 Randee      Kurland
11404 Bebe        Lintner
11472 Megan       Harbaugh
11495 Mina        Reuther
11531 Myung       Cobbs
11606 Jan         South
11662 Verdie      Reuther
11740 Gregorio    Lavergne
11806 Nancy       Spivey
11814 Mauro       Reuther
11818 Faye        Harbaugh
11842 Nathan      Treanor
11941 Francine    Juhasz
11958 Stepanie    Gill
11980 Verda       Cash
11990 Lily        Spivey
12060 Phyliss     Lavallie
12115 Leena       Lema
12139 Natividad   Blanks
12184 Lashell     Fawcett
12256 Mabelle     Obermiller
12314 Corrinne    Spivey
12318 Sparkle     San
12406 Mickie      Sandiford
12443 Jina        Gill
12483 Cara        Shellenbarger
12526 Noreen      Villa
12605 Alfonzo     Montoya
12659 Lexie       Gill
12732 Mirna       Gill
12783 Shannon     Blanks
12832 Eva         Vanzandt
12840 Vallie      Reuther
12852 Ophelia     Spivey
12949 Arnold      Puterbaugh
13001 Mohammad    Spivey
13076 Sandra      Reuther
13111 Ayesha      Trueman
13167 Wenona      Lema
13254 Samella     Lintner
13320 Miguel      Devino
13393 Jodie       Riggan
13401 Young       Marchan
13420 Stewart     Harbaugh
13446 Heide       Bombard
13470 Georgie     Blanks
13487 Nicolette   Reuther
13565 Judith      Blanks
13580 Xavier      Reuther
13640 Phil        Harbaugh
13680 Letitia     Lema
13764 Tarra       Blanks
13833 Magdalen    Reuther
13919 Antonetta   Spivey
14001 Junior      Geeter
14013 Merlin      Holliman
14053 Jeremy      Whitacre
14104 Xochitl     Gill
14152 Lashon      Cowling
14229 Zulma       Odum
14281 Lucile      Spivey
14294 Demetra     Harbaugh
14296 Mellissa    Hoggatt
14377 Sommer      Montoya
14428 Elli        Dockins
14464 Dinah       Montoya
14474 Jone        Montoya
14520 German      Wysong
14609 Shenita     Blanks
14677 Lita        Lema
14721 Sibyl       Reuther
14728 Lekisha     Lintner
14750 Clotilde    Spivey
14751 Sheba       Maldanado
14794 Tessie      Spivey
14795 Alethia     Holliman
14845 Kasie       Bjork
14894 Garfield    Gorman
14903 Nona        Reuther
14993 Belle       Lema
15004 Coletta     Blanks
15064 Jutta       Harbaugh
15081 Mellie      Lintner
15171 Sharmaine   Wick
15191 Corie       Beard
15279 Pennie      Gill
15316 Denver      Wren
15333 Roman       Harbaugh
15408 Houston     Holliman
15438 Shanon      Cumpston
15480 Dianne      Harbaugh
15503 Nelly       Inouye
15558 Mariko      Dela
15645 Stephaine   Harbaugh
15734 Imelda      Woodyard
15814 Kenneth     Blanks
15881 Luther      Holliman
15907 Milagro     Harbaugh
15965 Fannie      Lema
15978 Katherine   Gabrielson
16007 Jana        Longino
16104 Lu          Gill
16136 Troy        Goodsell
16204 Soila       Blanks
16222 Margherita  Convery
16235 Eden        Shiver
16236 Cassi       Calles
16303 Madalene    Tinner
16359 Tatiana     Gill
16381 Fidelia     Reuther
16469 Cira        Enlow
16525 Amelia      Lintner
16533 Charisse    Mccullough
16614 Fawn        Gill
16672 Bryon       Brigmond
16700 Foster      Bever
16711 Bella       Harbaugh
16787 Jene        Reuther
16793 Gladis      Arzola
16855 Mitchell    Mcanulty
16894 Celena      Holliman
16966 Hortensia   Cowboy
16984 Wilda       Lintner
17004 Gustavo     Blanks
17037 Janie       Ponte
17106 Bong        Golson
17183 Clay        Dusek
17218 Thea        Montoya
17287 Charley     Lofthouse
17311 Duncan      Lintner
17408 Edelmira    Lema
17475 Ngoc        Gill
17493 Eloise      Kurz
17518 Michal      Rieger
17600 Rayna       Holliman
17660 Dinorah     Blanks
17717 Marivel     Blanks
17789 Anisha      Harbaugh
17860 Brittny     Mcnichols
17886 Lawanna     Holliman
17982 Lydia       Spivey
18037 Shasta      Gilkison
18128 Sau         Reuther
18168 Hassie      Reuther
18247 Erlene      Reuther
18328 Noella      Montoya
18392 Regena      Spivey
18457 Roni        Montoya
18460 Dona        Schimpf
18507 Kandy       Reuther
18579 Latia       Pompa
18649 Jenelle     Savant
18693 Lola        Blanks
18699 Rhiannon    Wiggs
18760 Minh        Blanks
18837 Isabelle    Gill
18862 Krissy      Degen
18871 Mavis       Shell
18944 Preston     Kandoll
19032 Teena       Montoya
19121 Latrisha    Montoya
19125 Verena      Holliman
19202 Honey       Pawlak
19242 Kristina    Spivey
19293 Retta       Underwood
19334 Len         Holliman
19339 Beatriz     Holliman
19374 Pierre      Luca
19442 Inez        Delosh
19519 Luciana     Ables
19559 Agatha      Montoya
19653 Lizabeth    Reuther
19751 Lionel      Harbaugh
19797 Kristle     Blanks
19798 Evangeline  Reuther
19869 Danae       Gill
19887 Mindy       Northway
19938 Audie       Holliman
19973 Marni       Hazeltine
20058 Nerissa     Reuther
20083 Shenita     Harbaugh
20165 Martin      Spivey
20234 Dorian      Harbaugh
20254 Jacquline   Oler
20283 Mindi       Grosch
20378 Lanora      Lema
20435 Walton      Lema
20453 Arnetta     Lema
20495 Sherril     Harbaugh
20546 Anthony     Dederick
20580 Jermaine    Sanderson
20630 Sharie      Lintner
20712 Christia    Harbaugh
20788 Sarina      Harbaugh
20832 Maryjane    Nielsen
20894 Modesto     Blanks
20990 Lincoln     Blanks
21008 Marina      Spivey
21061 Nga         Blanks
21160 Tonia       Lema
21256 Zona        Roll
21312 Treasa      Blanks
21402 Mia         Lintner
21498 Terisa      Charest
21556 Dannielle   Falls
21632 Christa     Pollman
21676 Miguelina   Reuther
21712 Malisa      Blanks
21753 Aron        Ringo
21771 Luella      Gill
21834 Ivelisse    Wojciechowski
21913 Kali        Holtzen
21996 Gertude     Gill
22043 Colby       Reuther
22119 Hazel       Spivey
22167 Sherlyn     Gill
22218 Alease      Sakai
22256 Majorie     Montoya
22344 Kelly       Reuther
22416 Cristin     Harbaugh
22484 Catina      Harbaugh
22502 Earnestine  Holliman
22563 Robbi       Lema
22647 Beatris     Lema
22674 Lianne      Holliman
22759 Tressie     Mango
22798 Geraldo     Marotta
22881 Lyndsey     Harbaugh
22973 Margret     Montoya
22987 Lannie      Sergent
23018 Etha        Pino
23042 Arron       Harbaugh
23057 Mallie      Afanador
23133 Nenita      Gill
23137 Shara       Knauss
23205 Danilo      Lintner
23252 Eulalia     Delvecchio
23264 Dale        Harbaugh
23265 Charlie     Spivey
23344 Carol       Fullam
23430 Kamilah     Montoya
23475 Christy     Montoya
23517 Edgar       Montoya
23564 Tammara     Huseman
23616 Pamala      Reuther
23705 Lakeshia    Reuther
23723 Laurinda    Tarvin
23777 Katharine   Holliman
23870 Bart        Harbaugh
23935 Breanna     Blanks
23968 Hye         Lintner
24046 Carolin     Froelich
24106 Davida      Spivey
24123 Dan         Harbaugh
24130 Niesha      Oberholtzer
24149 Tonia       Reuther
24168 Sheena      Vicari
24177 Maya        Logue
24182 Socorro     Gill
24238 Tonie       Harbaugh
24288 Horace      Grippo
24357 Buck        Blanks
24443 Lasandra    Reuther
24475 Darlena     Lema
24488 Ginger      Burgin
24524 Wen         Stultz
24578 Maryrose    Holliman
24631 Lulu        Montoya
24637 Tamera      Holliman
24641 Alesha      Lindsay
24732 Antonia     Blanks
24739 Michaele    China
24752 Kimberely   Gill
24777 Maude       Reuther
24836 Richelle    Reuther
24933 Lisha       Blanks
25010 Millicent   Wasielewski
25057 Launa       Bucholz
25124 Carlo       Blanks
25219 Karey       Lintner
25276 Ashton      Ortmann
25321 Marc        Alejandro
25386 Ashanti     Blanks
25473 Edelmira    Modzelewski
25518 Theressa    Malta
25560 Melina      Chamorro
25626 Rosy        Gill
25662 Trey        Spivey
25744 Lindy       Blanks
25804 Eryn        Herzberg
25880 Kassie      Mellon
25926 Penelope    Spivey
25980 Andree      Blanks
25993 Serita      Montoya
26008 Sherell     Lema
26023 Jed         Reuther
26029 Stephani    Maddix
26096 Margurite   Lema
26113 Hilaria     Montoya
26120 Piedad      Krupa
26167 Lura        Mccaskey
26253 Randell     Fitzhenry
26339 Chasity     Spivey
26419 Jan         Federico
26423 Elijah      Blanks
26512 Willy       Blanks
26611 Lang        Lema
26660 Lenita      Cull
26738 Winfred     Romeo
26774 Shawnda     Ho
26818 Donna       Mattioli
26906 Matthew     Calixte
26974 Janelle     Lintner
27052 Deanna      Campagna
27110 Graig       Harbaugh
27167 Reynaldo    Montoya
27189 Leticia     Gill
27257 Jeanette    Welles
27340 Wanda       Endsley
27420 Eugenia     Lema
27478 Tabetha     Montoya
27562 Katia       Gill
27649 Lee         Iser
27673 Galina      Paterson
27729 Regenia     Reuther
27782 Barbra      Holliman
27844 Tamisha     Montoya
27862 Bob         Lintner
27891 Leana       Lintner
27933 Phyllis     Engram
27997 Lina        Blanks
28087 Ma          Montoya
28143 Majorie     Lema
28222 Doug        Carboni
28227 Lavette     Gill
28255 Luther      Wojciechowski
28317 Beatris     Simeon
28319 Nilsa       Montoya
28365 Jenise      Wisniewski
28396 Pearl       Harbaugh
28442 Ora         Reuther
28501 Fermina     Halton
28514 Demetra     Montoya
28523 Yvette      Gamino
28596 Jean        Birch
28695 Tuyet       Spivey
28775 Setsuko     Reuther
28830 Akiko       Harbaugh
28890 Myriam      Gill
28951 Vanda       Reuther
29001 Babette     Dulac
29059 Dawna       Watrous
29071 Mike        Cass
29136 Winona      Blanks
29206 Shawnda     Lema
29279 Jeffie      Montoya
29365 Vito        Willcutt
29452 Kurt        Reuther
29466 Yer         Gill
29513 Rebbeca     Harbaugh
29552 Latosha     Gupta
29611 Kymberly    Montoya
29670 Shirlee     Bolger
29749 Bambi       Maple
29841 Coreen      Lintner
29928 Loraine     Lema
29937 Deane       Reuther
29969 Milda       Gabaldon
29982 Iliana      Gill
30042 Irish       Lema
30120 Emmie       Gill
30199 Freeman     Reuther
30241 Charla      Jagger
30246 Ramon       Smith
30335 Richelle    Harbaugh
30427 Alethia     Fairclough
30467 Fannie      Harbaugh
30546 Tressa      Ealy
30643 Joaquina    Montoya
30703 Epifania    Gill
30708 Siobhan     Montoya
30770 Loan        Montoya
30772 Dawna       Yoshimoto
30800 Colton      Spivey
30828 Shari       Roush
30845 Kelvin      Gill
30897 Marlana     Lanctot
30984 Margret     Gill
31024 Jean        Rael
31117 Lorinda     Harbaugh
31127 Tianna      Blanks
31193 Bernetta    Riemann
31209 Claudio     Spivey
31266 Mathilde    Montoya
31336 Rubin       Blanks
31389 Madge       Lema
31470 Ivan        Harbaugh
31567 Lynelle     Harbaugh
31577 Andre       Harbaugh
31609 Hosea       Lintner
31613 Bessie      Lintner
31711 Tosha       Scales
31784 Glynis      Lema
31826 Merilyn     Reuther
31829 Francine    Lintner
31872 Veronique   Gallivan
31904 Bradly      Meehan
31940 Hae         Gill
31999 Mattie      Hilliard
32019 Thuy        Mckamie
32092 Camilla     Blanks
32149 Miesha      Gascon
32219 Roslyn      Blanks
32225 Mike        Lintner
32248 Grisel      Minner
32263 Esteban     Spivey
32279 Leilani     Holliman
32369 Portia      Harbaugh
32427 Franklin    Holliman
32496 Camila      Pastor
32584 Marlana     Cauble
32620 Berna       Buzzell
32652 Sophia      Lintner
32655 Bonnie      Bradbury
32715 Sybil       Mcalister
32723 Latisha     Landrum
32780 Julianne    Montoya
32784 Kristi      Spivey
32810 Vivan       Montoya
32892 Shawnda     Holliman
32958 Kimberli    Reuther
32990 Kamilah     Reuther
32994 Jann        Spivey
33078 Eloise      Gill
33080 Christian   Gill
33154 Felice      Troia
33186 Thi         Gill
33219 Delicia     Spivey
33266 Royal       Lintner
33356 Eugenia     Lintner
33398 Daniell     Lintner
33460 Otto        Blanks
33526 Alphonso    Spivey
33569 Bobbye      Slaymaker
33613 Hildegarde  Blanks
33616 Detra       Mccaslin
33662 Millie      Willett
33761 Herta       Reuther
33768 Machelle    Bowdoin
33837 Shayna      Blanks
33846 Aleshia     Holliman
33872 Contessa    Gill
33947 Eliseo      Sowards
34010 Buck        Gill
34021 Agnes       Spivey
34058 Iraida      Granier
34154 Ashanti     Spivey
34169 Sarita      Montoya
34246 Kira        Blanks
34279 Rachel      Blanks
34377 Whitney     Montoya
34475 Consuelo    Oropeza
34556 Millicent   Lema
34648 Ashlie      Reuther
34652 Moira       Wurster
34671 Alma        Mayers
34705 Shaunda     Ottley
34747 Vivan       Lema
34758 Gertrud     Spivey
34770 Suzie       Harbaugh
34860 Clarine     Harbaugh
34931 Josette     Vandergrift
34955 Ileen       Harbaugh
35032 Don         Harbaugh
35067 Ida         Lanahan
35091 Irvin       Lavallie
35174 Jasmin      Manser
35227 Rashad      Reuther
35275 Danilo      Lema
35299 Brande      Spivey
35350 Margie      Goupil
35424 Cheryle     Blanks
35446 Margo       Harbaugh
35526 Jacquelynn  Atterbury
35539 Tanja       Reuther
35545 Susy        Harbaugh
35569 Jerrell     Holliman
35583 Sheree      Gorby
35652 Danyel      Ingersoll
35673 Lesia       Sasse
35760 Jeanmarie   Blanks
35809 Bonny       Kohl
35853 Kecia       Spivey
35940 Cyndy       Montoya
35949 Cherelle    Baillie
35984 Penni       Montoya
36002 Eugene      Faye
36040 Meghann     Reuther
36077 Dudley      Holliman
36098 Darlene     Fennessey
36183 Garret      Lema
36188 Rashad      Gill
36249 Kiley       Lema
36301 Meghann     Spivey
36361 Arlyne      Blanks
36434 Sheri       Feagins
36464 Sterling    Blanks
36477 Leandra     Blanks
36497 Willetta    Harbaugh
36539 Alisha      Reuther
36593 Williams    Gill
36679 Latia       Lema
36703 Cathie      Harbaugh
36760 Domenic     Latch
36772 Marielle    Gill
36833 Granville   Palko
36921 Jayna       Goldner
37005 Magan       Reuther
37099 Kia         Mounsey
37136 Cara        Niemi
37180 Mollie      Harbaugh
37278 Riva        Lema
37315 Lin         Franceschini
37388 Maggie      Kibbe
37466 Rolande     Holliman
37540 Trista      Reuther
37583 Beatris     Reuther
37623 Adina       Lintner
37702 Damian      Holliman
37716 Jeana       Lema
37790 Gerry       Harbaugh
37886 Nicola      Worman
37967 Rebecka     Reuther
37990 Chantell    Humiston
37997 Romaine     Holliman
38062 Maddie      Blanks
38089 Eliz        Harbaugh
38180 Margert     Blanks
38183 Lahoma      Blanks
38218 Lanie       Spivey
38273 Coretta     Trojacek
38310 Darlena     Jurgens
38345 Jewel       Bourland
38393 Breanna     Lema
38414 Edyth       Blanks
38420 Perla       Montoya
38512 Esperanza   Voorhies
38521 Teresa      Holliman
38581 Adelina     Bier
38677 Elaina      Harbaugh
38772 Winnie      Lema
38840 Lakeshia    Lintner
38851 Whitley     Coles
38908 Alecia      Reuther
38984 Santiago    Lema
39018 Iraida      Blau
39108 Tiffany     Harbaugh
39177 Gwenda      Arenas
39210 Ghislaine   Poindexter
39255 Savanna     Reuther
39301 Malorie     Harbaugh
39349 Annabelle   Magoon
39357 Mohamed     Reuther
39415 German      Shores
39506 Morris      Harbaugh
39564 Loura       Gill
39586 Tempie      Gobert
39587 Heather     Gill
39614 Phuong      Holliman
39622 Queenie     Angelo
39624 Jeanice     Reidhead
39649 Christia    Harbaugh
39714 Pedro       Andrea
39801 Judi        Holliman
39813 Tamisha     Bast
39842 Charmaine   Harbaugh
39899 Latoria     Lema
39943 Richelle    Reuther
40015 Terry       Montoya
40084 Eleonora    Blanks
40140 Cleora      Holliman
40171 Evita       Harbaugh
40214 Lorraine    Harbaugh
40241 Vanesa      Rotolo
40321 Mandy       Swartout
40361 Pearly      Holliman
40412 Lloyd       Spivey
40481 Felisa      Rodriguz
40521 Crystal     Spivey
40589 Carmella    Montoya
40657 Clinton     Mangels
40709 Tereasa     Spivey
40804 Maranda     Harbaugh
40886 Malorie     Montoya
40977 Sharyn      Harbaugh
40990 Amberly     Harbaugh
41071 Charley     Montoya
41160 Christiana  Spivey
41208 Ericka      Harbaugh
41219 Thomasine   Stwart
41299 Min         Reuther
41331 Lavette     Holliman
41400 Lorine      Blanks
41424 Linh        Weyand
41517 Ciera       Harbaugh
41550 Maureen     Blanks
41597 Chasidy     Henriksen
41603 Shala       Gill
41680 Regine      Lintner
41705 Kerstin     Lintner
41762 Guadalupe   Maples
41764 Maisha      Reuther
41843 Luvenia     Lintner
41899 Barney      Gill
41901 Chieko      Althaus
41998 Isaura      Reuther
42081 Kam         Cohn
42105 Mauro       Blanks
42108 Isaiah      Harbaugh
42134 Lovie       Harbaugh
42193 Alfred      Harbaugh
42240 Lang        Carney
42328 Tiffaney    Gill
42343 Lenore      Holliman
42373 Noe         Blanks
42463 Felton      Obey
42545 Marcelo     Leavitt
42617 Avis        Harbaugh
42705 Antoinette  Blodgett
42783 Kam         Makin
42857 Mallory     Lema
42864 Lesli       Blanks
42894 Josephine   Montoya
42904 Jule        Montoya
42950 Lovetta     Harbaugh
43034 Eleonor     Harbaugh
43094 Chantay     Hickel
43186 Emeline     Seda
43242 Donella     Manly
43259 Samatha     Burruss
43297 Antone      Lamontagne
43339 Patience    Reuther
43387 Angelo      Reuther
43461 Sheila      Stano
43465 Katrina     Spivey
43491 Boris       Montoya
43575 Mozell      Mazzola
43592 Vashti      Blanks
43669 Marya       Gill
43690 Jeffie      Monterroso
43761 Katherina   Yorke
43823 Bud         Papas
43875 Adell       Dierking
43944 Catherina   Gill
44025 Kathie      Reuther
44080 Lakeisha    Bartell
44150 Flavia      Reuther
44228 Laronda     Freedman
44259 Rochell     Colin
44316 Patsy       Chew
44338 Tammi       Spivey
44409 Mindy       Clemente
44444 Jacki       Harbaugh
44501 Darlena     Sauders
44543 Owen        Lintner
44563 Marna       Blanks
44633 Yer         Harbaugh
44703 Hermina     Bieber
44758 Aletha      Mcdowell
44830 Thao        Gill
44926 Dorinda     Leffel
44986 Starr       Spivey
45010 Vernon      Reuther
45030 Darnell     Bonhomme
45076 Mozelle     Lema
45138 Domenic     Spadafora
45211 Wes         Crisci
45291 Alison      Reuther
45339 Luana       Holliman
45425 Georgiana   Hayek
45462 Alta        Montoya
45539 Essie       Oldaker
45631 Carleen     Harbaugh
45676 Eulalia     Hough
45770 Larissa     Blanks
45854 Magali      Heater
45929 Philomena   See
45975 Trena       Partington
46035 Dave        Harbaugh
46125 Yong        Harbaugh
46209 Tony        Spivey
46210 Krystal     Montoya
46272 Sasha       Gill
46371 Angie       Mcmillon
46382 Luisa       Leblanc
46473 Joyce       Gill
46477 Cheyenne    Blanks
46551 Charity     Blanks
46629 Latrina     Montoya
46678 Karina      Blais
46717 Jenna       Montoya
46778 Genevieve   Yonts
46851 Ima         Lintner
46943 Boris       Blanks
46985 Paulette    Lema
47002 Dina        Spivey
47050 Julian      Chagnon
47101 Vera        Unknow
47106 Howard      Lintner
47149 Odell       Musial
47248 Zoraida     Harbaugh
47313 Kraig       Holliman
47371 Yvone       Ross
47446 Carolee     Stengel
47545 Magnolia    Harbaugh
47594 Adah        Montoya
47629 Carmelita   Montoya
47651 Gertie      Lintner
47706 Sammie      Blanks
47734 Sherrell    Kleiner
47802 Sharan      Buttrey
47806 Tonita      Montoya
47894 Gwendolyn   Tibbles
47936 Suzanna     Coombes
48000 Cameron     Blanks
48079 Rima        Piche
48111 Lesley      Konopka
48209 Saundra     Holliman
48233 Adriane     Holliman
48257 Maryland    Harbaugh
48356 Shanel      Montoya
48360 Fiona       Harbaugh
48406 Branda      Derksen
48440 Monroe      Harbaugh
48481 Margorie    Montoya
48509 Bari        Harbaugh
48526 Cecile      Lema
48554 Margeret    Laforce
48599 Tyra        Montoya
48637 Allen       Haffey
48726 Kittie      Reuther
48747 Ashlie      Blanks
48837 Madonna     Holliman
48907 Mirtha      Montoya
48971 Chance      Slick
48999 Tad         Holliman
49023 Belinda     Elser
49082 Antonia     Reuther
49173 Jefferson   Montoya
49174 Leone       Blanks
49217 Alfredo     Reuther
49310 Alia        Harbaugh
49389 Neida       Blanks
49416 Annelle     Blanks
49499 Gia         Manross
49530 Kasi        Harbaugh
49583 Neil        Harbaugh
49592 Gale        Blanks
49665 Denisse     Sappington
49693 Corina      Blanks
49725 Leonia      Blanks
49773 Ellena      Lintner
49836 Veronique   Lema
49861 Summer      Harbaugh
49942 Edward      Pinelli
49990 Marilynn    Mansir
49991 Sophia      Montoya
50034 Devona      Lema
50132 Stacy       Reuther
50213 Mee         Harbaugh
50243 Jenny       Holliman
50269 Vertie      Schwindt
50356 Madalene    Durling
50362 Maud        Blanks
50382 Codi        Blanks
50461 Taisha      Blanks
50556 Pei         Lintner
50640 Despina     Reuther
50729 Tuan        Harbaugh
50799 Sam         Blanks
50856 Margarita   Harbaugh
50874 Mayra       Spivey
50890 Karisa      Blanks
50989 Tisa        Reuther
50995 Kasie       Maul
51003 Elliot      Harbaugh
51012 Charlene    Briones
51039 Bruna       Arrieta
51063 Tamika      Harbaugh
51136 Maximina    Montoya

Blanks 99
Gill 54
Harbaugh 106
Holliman 50
Lavallie 2
Lema 58
Lintner 44
Montoya 75
Reuther 83
Spivey 56
Wojciechowski 2
