00438 Amelia      Reel
00444 Diana       Poindexter
00493 Andree      Chisum
00495 Elois       Mccoll
00583 Corinna     Olmedo
00628 Magdalen    Chadwick
00639 Hannelore   Swaney
00736 Felisa      Simeon
00796 Alisa       Gallivan
00813 Launa       Mandujano
00831 Darlena     Poindexter
00898 Deana       Reel
00931 Elijah      Wolfinger
00967 Mariko      Dela
01010 Kenneth     Ortmann
01081 Leana       Gallivan
01083 Deane       Reel
01174 Leticia     Devries
01209 Luella      Fleisher
01266 Coletta     Peagler
01287 Sasha       Livengood
01312 Thea        Wampler
01345 Suzie       Gaulke
01428 Gudrun      Haverly
01452 Eugenia     Wilkens
01484 Tianna      Igo
01564 Tisa        Wagers
01647 Barbra      Livengood
01740 Dorian      Poindexter
01811 Nelly       Wolfinger
01849 Chantay     Mandujano
01928 Sibyl       Keplinger
01976 Kevin       Navarra
02051 Haley       Simeon
02063 Darlena     Olmedo
02104 Ronald      Stearn
02121 Miss        Gallivan
02137 Vernita     Delvecchio
02195 Rhiannon    Geeter
02205 Adah        Wolfinger
02285 Alecia      Mango
02343 Lajuana     Leandro
02428 Shara       Mandujano
02520 Tashia      Leandro
02571 Nilsa       Geeter
02605 Ramon       Gallivan
02668 Gia         Manross
02711 Amie        Reel
02763 Linh        Gallivan
02828 Karoline    Mandujano
02917 Jayna       Wilkens
02939 Eva         Jagger
03018 Irvin       Livengood
03103 Anisha      Oman
03169 Suzi        Gallivan
03240 Beatriz     Delvecchio
03253 Lakeshia    Cassinelli
03324 Fabiola     Cavin
03362 Antonia     Seldon
03445 Pamala      Ortmann
03499 Estell      Raub
03546 Lahoma      Mcclanahan
03565 Allegra     Poindexter
03568 Benny       Dimattia
03620 Nichelle    Mango
03685 Isaiah      Geeter
03771 Danyel      Ingersoll
03810 Verline     Gallivan
03909 Celena      Olmedo
03940 Eufemia     Delvecchio
03992 Mathew      Delvecchio
04031 Jerrica     Roses
04095 Rosana      Haverly
04160 Margie      Goupil
04254 Katia       Stanger
04335 Sharie      Mango
04369 Tad         Oman
04459 Lang        Livengood
04517 Boris       Janicki
04563 Randell     Mango
04606 Heide       Bombard
04623 Lincoln     Poindexter
04642 Laurice     Loffredo
04682 Calista     Sasse
04727 Twyla       Reel
04745 Olene       Volkman
04746 Sophia      Simeon
04749 Kirstie     Simeon
04774 Nada        Ruge
04858 Joeann      Womer
04909 Jutta       Leandro
04996 Lisha       Keplinger
05088 Edelmira    Wilkens
05115 Glennis     Flaherty
05187 Julian      Kagawa
05235 Mabelle     Reel
05295 Adelaida    Leandro
05324 Kam         Makin
05412 Kristle     Ortmann
05429 Kristal     Illingworth
05480 Tiesha      Roosa
05499 Daniell     Mckeon
05579 Shanel      Purpura
05585 Brande      Simeon
05610 Lina        Shamblin
05676 Tawna       Wolfinger
05714 Arianne     Goettl
05733 Lesli       Love
05823 Magali      Jagger
05870 Alfredo     Kullman
05947 Mandy       Mccoll
05952 Garret      Mango
06024 Mauro       Reel
06045 Mirtha      Freedman
06115 Georgiana   Hayek
06158 Lulu        Mandujano
06160 Mirna       Gallivan
06210 Lu          Hippler
06237 Sherika     Towers
06320 Corrinne    Wolfinger
06338 Troy        Reichert
06409 Rolande     Oman
06506 Kim         Sager
06549 Donella     Geeter
06585 Sammie      Livengood
06684 Charlene    Mandujano
06689 Magaret     Chenail
06765 Polly       Oman
06829 Salina      Geeter
06891 Bruna       Arrieta
06988 Wilda       Kriegel
07002 Sol         Sheets
07023 Leilani     Pruett
07032 Lizabeth    Olmedo
07068 Summer      Delvecchio
07069 Modesto     Livengood
07135 Thi         Wilkens
07166 Latrina     Marcano
07240 Robbi       Enger
07257 Gerry       Holeman
07326 Sherril     Herren
07366 Rosy        Poindexter
07446 Luanna      Hankins
07464 Philomena   See
07490 Coralee     Hartz
07492 Eleonora    Oman
07543 Dominque    Wolfinger
07626 Domenic     Gallivan
07689 Vikki       Oman
07697 Brendan     Geeter
07741 Ngoc        Price
07830 Rosenda     Keplinger
07864 Providencia Poindexter
07941 Dona        Reel
07950 Dianne      Geeter
07971 Katherina   Yorke
08021 Zoraida     Spurgin
08076 Junita      Mccoll
08103 Ilana       Delvecchio
08125 Cordia      Livengood
08166 Latosha     Oman
08180 Brandee     Jhonson
08230 Deanna      Campagna
08326 Evangeline  Schwabe
08420 Tatyana     Olmedo
08442 Boris       Haverly
08465 Jessia      Mccoll
08553 Lyndsey     Schoening
08624 Lekisha     Cantero
08707 Garfield    Poindexter
08723 Cherelle    Poindexter
08728 Xochitl     Forness
08776 Mozell      Mazzola
08784 Dawna       Yoshimoto
08821 Franchesca  Keplinger
08873 Russell     Wilburn
08945 Hosea       Wolfinger
08973 Vivan       Reel
09003 Arlyne      Mandujano
09039 Luvenia     Haverly
09121 China       Reel
09135 Chantell    Humiston
09195 Ginger      Sasse
09267 Trena       Partington
09269 Tessie      Sasse
09367 Sylvia      Mango
09446 Leonarda    Ortmann
09461 Luana       Livengood
09491 Clay        Haverly
09565 Cheree      Wilkens
09631 Lona        Keplinger
09718 Galina      Geeter
09769 Ailene      Mccoll
09843 Lakeshia    Sasse
09885 Mindy       Clemente
09934 Jenny       Jagger
10021 Alfred      Haverly
10100 Jarred      Simeon
10154 Regena      Jagger
10157 Amal        Lombardo
10168 Shanita     Convery
10255 Branda      Olmedo
10292 Shayne      Geeter
10331 Grisel      Pineiro
10373 Mavis       Mandujano
10454 Darlene     Fennessey
10478 Dan         Lapoint
10529 Leisha      Ortmann
10592 Kittie      Freitag
10608 Rikki       Oman
10638 Anthony     Simeon
10734 Sheri       Jagger
10779 Larissa     Free
10864 Danae       Wynkoop
10958 Jan         Reel
11010 Randee      Delvecchio
11041 Phil        Oman
11113 Nestor      Niven
11178 Maisie      Reel
11217 Rozanne     Geeter
11224 Mindy       Mccoll
11264 Hae         Reel
11318 Alphonso    Poindexter
11370 Hildegarde  Suddeth
11409 Pearly      Wilkens
11494 Angelic     Haverly
11523 Sherry      Mango
11602 Angelo      Andreas
11656 Agatha      Schilling
11657 Pennie      Reel
11710 Consuelo    Simeon
11762 Madge       Haverly
11798 Kiana       Haverly
11858 Toni        Geeter
11928 Heide       Mango
12021 Aron        Marcano
12022 Eugenia     Wolfinger
12111 Delores     Reel
12140 Tyra        Vaquera
12165 Bambi       Maple
12202 Mauro       Marcano
12230 Jene        Mcafee
12270 Faustino    Haliburton
12354 Maryland    Keplinger
12423 Genevieve   Yonts
12463 Rochell     Freedman
12535 Krissy      Sasse
12557 Lakeisha    Caufield
12576 Elin        Geeter
12664 Wenona      Wixon
12740 Trish       Oman
12769 Ima         Marcano
12816 Lin         Mandujano
12846 Antwan      Leandro
12878 Luther      Mango
12940 Bonnie      Delvecchio
12975 Leroy       Duhart
13008 Sonia       Mctaggart
13036 Doyle       Perrella
13053 Duncan      Wilkens
13134 Winona      Bayer
13232 Kurt        Charbonneau
13284 Regenia     Waddle
13298 Detra       Mccaslin
13384 Danica      Rollman
13444 Serita      Delvecchio
13453 Kraig       Mckay
13518 Carolin     Keplinger
13523 Ashanti     Maffei
13582 Delicia     Sinner
13631 Veronique   Wolfinger
13689 Devona      Oman
13705 Bob         Keplinger
13780 Kristofer   Gallivan
13783 Fannie      Capasso
13822 Kasie       Ortmann
13831 Trudi       Paradiso
13920 Leandra     Leandro
13953 Shon        Simeon
13999 Marc        Livengood
14044 Chieko      Althaus
14123 Le          Mango
14209 Georgie     Gimbel
14254 Ora         Mango
14305 Sergio      Wolfinger
14321 Nu          Wilkens
14373 Breanna     Marcano
14412 Jefferson   Curtis
14465 Raymon      Espey
14516 Margret     Marcano
14528 Eden        Shiver
14540 Carma       Delvecchio
14628 Shawnda     Olmedo
14711 Shila       Gallivan
14802 Inez        Geeter
14843 Antonette   Geeter
14928 Suzanna     Coombes
15022 Shawnda     Wilkens
15027 Lorine      Moyle
15101 Larhonda    Lovering
15173 Shari       Haverly
15186 Kala        Mandujano
15276 Millicent   Lema
15284 Taylor      Poindexter
15289 Jeanette    Marcano
15303 Marlana     Lanctot
15326 Penelope    Poindexter
15351 Elma        Ortmann
15405 Sharyn      Sasse
15449 Rolande     Soden
15469 Domenic     Latch
15531 Bradly      Ortmann
15605 Sheila      Stano
15634 Socorro     Sasse
15662 Charity     Sasse
15726 Charlesetta Gallivan
15778 Kandy       Ortmann
15850 Bert        Leandro
15925 Maryjane    Nielsen
15999 Kathie      Morehouse
16089 Christiana  Delvecchio
16107 Cristin     Sasse
16122 Geneva      Wilkinson
16161 Mohammad    James
16195 Werner      Ortmann
16260 Asha        Reel
16282 Tatiana     Schwartzkopf
16335 Setsuko     Mccoll
16374 Lola        Geeter
16395 Amberly     Livengood
16465 Sarita      Warriner
16526 Ericka      Vitti
16581 Ivelisse    Wojciechowski
16651 Imelda      Livengood
16720 Lionel      Sack
16722 Waneta      Olmedo
16814 Lenny       Wolfinger
16862 Dagny       Livengood
16926 Saundra     Lipscomb
16949 Majorie     Thronson
16977 Micki       Fortune
16987 Corina      Ortmann
17077 Stephaine   Bragan
17154 Beatris     Simeon
17210 Lorinda     Gallivan
17273 Tashia      Livengood
17362 Collette    Mango
17452 Herta       Haverly
17473 Hazel       Haverly
17539 Mabelle     Obermiller
17611 Gale        Abernathy
17645 Christian   Geeter
17676 Miriam      Keplinger
17739 Corie       Keplinger
17769 Gilberto    Port
17861 Lue         Marcano
17867 Latia       Mandujano
17914 Kerry       Whiting
17919 Johnie      Asmussen
17968 Evita       Oman
18006 Jacki       Mccoll
18044 Richelle    Gallivan
18117 Sharda      Haverly
18206 Hortensia   Cowboy
18247 Lenore      Livengood
18294 Elinore     Laurie
18304 Teena       Carrigan
18345 Mindi       Geeter
18403 Olin        Olmedo
18432 Corina      Yurick
18481 Antonia     Reel
18522 Almeda      Ortmann
18608 Ghislaine   Poindexter
18697 Belinda     Simeon
18706 Maddie      Wilkens
18781 Hallie      Grieves
18804 Akiko       Hocutt
18861 Marylou     Mccoll
18885 Alma        Mayers
18932 Treena      Rambert
18991 Phyllis     Poindexter
19053 Cristin     Reel
19075 Teofila     Haverly
19127 Tony        Poindexter
19168 Reynaldo    Reel
19227 Krystal     Poage
19240 Asley       Ma
19328 Nerissa     Geeter
19358 Mari        Lore
19391 Royal       Haverly
19399 Ayesha      Olmedo
19490 Sommer      Mandujano
19548 Gladis      Arzola
19643 Jeffie      Mckelvey
19689 Lanora      Lanz
19732 Latrisha    Poindexter
19780 Takako      Mango
19839 Consuelo    Truax
19885 Majorie     Kennerly
19980 Vivan       Gallivan
20036 Richie      Livengood
20089 Breanne     Mule
20150 Irish       Mandujano
20157 Tiffany     Shenkel
20177 Shawnda     Ortmann
20262 Siobhan     Wilkens
20310 Fannie      Gallivan
20315 Tiffany     Gallivan
20407 Hassie      Wilkerson
20440 Charley     Mccoll
20478 Arletta     Mandujano
20559 Rodger      Gunderson
20565 Susy        Tseng
20588 Sophia      Kost
20600 Mandie      Bracero
20637 Etha        Ortmann
20709 Hallie      Geeter
20737 Tanesha     Poindexter
20808 Tasia       Olmedo
20874 Merilyn     Livengood
20936 Doug        Mccoll
20955 Annelle     Nicks
20967 Yvonne      Reel
20988 Felton      Marcano
21047 Natividad   Marcano
21134 Miguel      Leandro
21211 Lianne      Geeter
21241 Patsy       Chew
21274 Magan       Oman
21289 Earnestine  Reel
21312 Hung        Gallivan
21325 Lashon      Leandro
21359 Lesia       Sasse
21423 Vallie      Simeon
21465 Euna        Gallivan
21534 Wonda       Traver
21591 Shena       Livengood
21683 Latasha     Pallas
21776 Denver      Wren
21868 Tamisha     Geeter
21936 Rozella     Nordberg
21995 Shayna      Marietta
21999 Avis        Freedman
22058 Marya       Oman
22089 Morris      Cowles
22096 Fermina     Halton
22140 Kirstie     Marcano
22209 Barney      Reel
22267 Lenita      Marcano
22305 Shaunda     Keplinger
22385 Rebbeca     Mango
22472 Kymberly    Mandujano
22571 Xavier      Bolick
22574 Brady       Livengood
22578 Millicent   Wasielewski
22625 Nicola      Sasse
22712 Iraida      Granier
22769 Beatris     Gallivan
22785 Maryetta    Ortmann
22862 Tanja       Reel
22946 Felice      Gallivan
22969 Leslie      Kuchera
23061 Mia         Poindexter
23065 Charla      Jagger
23083 Ashlie      Livengood
23139 Kimberli    Mccleary
23230 Wes         Sasse
23231 Janette     Mccoll
23288 Lenore      Schwartzman
23296 Gertie      Hambright
23335 Ma          Geeter
23369 Laronda     Freedman
23404 Jeana       Oman
23454 Sadie       Julien
23503 Vanda       Gallivan
23573 Mallory     Oman
23617 Isaura      Piatt
23687 Lasandra    Delvecchio
23711 Edward      Freedman
23810 Jean        Delvecchio
23833 Crystal     Ridge
23836 Santiago    Zygmont
23903 Emeline     Ortmann
23936 Shanon      Cumpston
24002 Toi         Esterline
24077 Hannelore   Livengood
24157 Margret     Poindexter
24209 Allegra     Gallivan
24277 Noe         Mandujano
24369 Bradford    Sasse
24439 Whitley     Coles
24476 Odell       Mango
24501 Monroe      Delvecchio
24587 Rosaura     Haverly
24605 Verda       Marcano
24664 Bernetta    Geeter
24683 Denae       Olmedo
24748 Babette     Mccoll
24820 Tuan        Jagger
24913 German      Shores
24928 Launa       Keplinger
24946 Scarlet     Mcfalls
25029 Catalina    Reel
25126 Tamatha     Coombes
25191 Alfonzo     Pruneda
25260 Dinah       Simeon
25321 Luciana     Mandujano
25348 Pearl       Malin
25431 Merrie      Geeter
25496 Lanie       Jagger
25565 Ashanti     Trinh
25616 Shaniqua    Overman
25683 Meghann     Geeter
25766 Horace      Grippo
25792 Rosaura     Wolfinger
25801 Sam         Delvecchio
25828 Dawna       Leandro
25855 Dale        Delvecchio
25906 Tammara     Keplinger
25996 Vashti      Mcwilliam
26012 Alesha      Gallivan
26042 Sherlyn     Gallivan
26050 Carmelita   Gallivan
26130 Clinton     Marcano
26143 Maggie      Kibbe
26150 Lesha       Grasty
26220 Etsuko      Geeter
26258 Jesenia     Simeon
26293 Chance      Mandujano
26370 Jaimee      Crespo
26372 Sharan      Haverly
26436 Williams    Dodd
26494 Vera        Mango
26508 Marilynn    Haverly
26548 Contessa    Tedeschi
26570 Alethia     Fairclough
26583 Bret        Holloman
26610 Danika      Mandujano
26697 Candelaria  Poore
26760 Tarra       Wilkens
26785 Veronique   Gallivan
26828 Alisha      Mandujano
26834 Berta       Reel
26854 Tiffaney    Tibbals
26936 Dori        Simeon
27026 Stacia      Livengood
27030 Aleshia     Olmedo
27071 Tricia      Haverly
27147 Vertie      Leandro
27191 Marivel     Geeter
27223 Cassi       Keplinger
27309 Everett     Mango
27339 Fidelia     Poindexter
27391 Ignacio     Livengood
27446 Tawna       Simeon
27448 Mavis       Sasse
27490 Renata      Keplinger
27572 Mozelle     Olmedo
27603 Margurite   Reel
27673 Pedro       Reel
27721 Samella     Wilkens
27745 Chrystal    Mccoll
27805 Pei         Livengood
27854 Cheyenne    Simeon
27905 Paris       Maynez
27984 Owen        Haverly
28015 Palma       Lehto
28036 Pearle      Sasse
28054 Odilia      Peasley
28131 Ciera       Livengood
28165 Jolanda     Livengood
28195 Tammi       Marcano
28274 Leena       Simeon
28321 Lesley      Reel
28391 Ezra        Mccoll
28464 Kassie      Wilkens
28503 Ara         Mango
28580 Danilo      Cashwell
28590 Neida       Oman
28665 Josette     Delvecchio
28709 Freeman     Oman
28719 Tonia       Marcano
28766 Judith      Schuler
28805 Demetra     Livengood
28894 Danilo      Leandro
28982 Chasidy     Henriksen
29081 Genna       Mandujano
29099 Davida      Marcano
29137 Judi        Mccoll
29145 Marielle    Haverly
29237 Berna       Buzzell
29298 Gertrud     Mandujano
29320 Miesha      Simeon
29403 Katherine   Gabrielson
29490 Wen         Geeter
29499 Mike        Cass
29591 Alecia      Simeon
29686 Demetra     Simeon
29771 Margarita   Olmedo
29846 Torie       Wilkens
29851 Jeffie      Geeter
29876 Roni        Goshorn
29943 Thao        Monteiro
29953 Machelle    Bowdoin
30042 Shaunda     Reel
30064 Jina        Ortmann
30072 Sybil       Kaczynski
30122 Eugene      Faye
30220 Tristan     Oman
30266 Brittny     Geeter
30280 Malorie     Livengood
30364 Josie       Livengood
30461 Hildegarde  Twersky
30464 Christinia  Heuer
30497 Lydia       Poindexter
30515 Rashad      Delvecchio
30577 Jan         Federico
30592 Nathan      Geeter
30677 Chasity     Mccoll
30743 Eulalia     Delvecchio
30804 Carmella    Currin
30878 Elliot      Wolfinger
30930 Jenna       Leandro
31014 Barbar      Poindexter
31021 Angie       Mcmillon
31101 Alethia     Geeter
31181 Lavette     Olmedo
31203 Rona        Lona
31217 Cheryle     Wilkens
31258 Kermit      Leandro
31301 Joyce       Geeter
31345 Luisa       Simeon
31426 Mollie      Harnage
31444 Elidia      Premo
31457 Exie        Warshaw
31555 Mignon      Wolfinger
31588 Jess        Livengood
31597 Darlena     Yoshida
31669 Honey       Pawlak
31731 Claudio     Poindexter
31830 Rima        Mandujano
31877 Sheba       Maldanado
31918 Hannah      Livengood
31977 Jeanmarie   Goetzinger
32012 Karma       Wilkens
32013 Tressie     Mango
32045 Sandra      Jagger
32108 Christy     Lenoir
32206 Jaquelyn    Oram
32262 Odette      Harsh
32280 Levi        Stefaniak
32287 Shanti      Jagger
32297 Bryant      Sasse
32367 Millie      Mccoll
32388 Verena      Gallivan
32474 Nenita      Guillet
32511 Aileen      Schwantes
32601 Dinorah     Romeo
32697 Maryrose    Livengood
32789 Cleora      Jagger
32870 Marjorie    Gallivan
32961 Isabell     Marcano
33016 Marcelo     Gallivan
33067 Waldo       Keplinger
33108 Lily        Killingsworth
33162 Ileen       Gallivan
33218 Elaina      Leard
33235 Christia    Mandujano
33257 Lannie      Delvecchio
33300 Kam         Marcano
33330 Syreeta     Scales
33421 Martin      Reel
33491 Marna       Morvant
33567 Rose        Wolfinger
33648 Betsey      Mango
33661 Jude        Rulison
33750 Phyliss     Freedman
33827 Luther      Wojciechowski
33828 Leone       Benzing
33917 Romaine     Marcano
33949 Ali         Delvecchio
34029 Carol       Geeter
34091 Tonja       Mandujano
34111 Bari        Stanwood
34121 Esteban     Delvecchio
34202 Sharmaine   Keplinger
34217 Erlene      Keplinger
34305 Jann        Dell
34337 Katrina     Plumber
34369 Antone      Geeter
34421 Elza        Gallivan
34465 Malisa      Haverly
34561 Winfred     Wolfinger
34579 Lucille     Ange
34657 Cara        Olmedo
34756 Sheree      Gorby
34817 Walton      Worm
34895 Yer         Eyer
34935 Coretta     Sienkiewicz
34943 Jenni       Lembo
34949 Karyn       Lute
35007 Amberly     Oman
35059 Jean        Livengood
35152 Eldridge    Mcmorran
35173 Francine    Ortmann
35250 Antoinette  Keplinger
35329 Arron       Sasse
35410 Gwenda      Marcano
35441 Meghann     Poindexter
35445 Yvone       Poindexter
35447 Jana        Longino
35529 Yvette      Gamino
35612 Lavette     Mango
35619 Merrill     Gallivan
35661 Flavia      Branstetter
35673 Karina      Blais
35702 Mitchell    Mcanulty
35793 Charisse    Olmedo
35859 Kecia       Pickering
35937 Loraine     Benz
36029 Matthew     Delvecchio
36098 Darlena     Freedman
36123 Edgar       Marcano
36149 Lee         Freedman
36243 Glinda      Simeon
36334 Vito        Willcutt
36414 Hertha      Pearman
36471 Charleen    Mango
36473 Cecile      Keplinger
36551 Malorie     Bladen
36619 Catina      Wilkens
36656 Jule        Simeon
36721 Jermaine    Sanderson
36808 Shala       Freels
36830 Theo        Mccoll
36924 Agnes       Gallivan
36969 Jermaine    Graig
37006 Cira        Oman
37047 Mariana     Sasse
37071 Margo       Holzwarth
37130 Gustavo     Delvecchio
37176 Jerrell     Geeter
37182 Don         Wilkens
37279 Jodi        Mango
37335 Zulma       Ortmann
37431 Dina        Mango
37472 Petronila   Leandro
37478 Mayra       Simeon
37541 Lorraine    Knepper
37619 Elmo        Fairman
37629 Darci       Parkey
37649 Bernarda    Loux
37657 Colby       Poli
37674 Mui         Olmedo
37722 Mara        Tabor
37726 Lashell     Poindexter
37771 Maximina    Oman
37847 Gwendolyn   Tibbles
37887 Bessie      Dockstader
37956 Milda       Reel
37966 Melina      Mccoll
38059 Penni       Cousar
38063 Kattie      Topp
38152 Marcie      Simeon
38167 Ahmad       Grahn
38223 Patience    Oman
38256 Yer         Edsall
38348 Dudley      Donelson
38373 Janelle     Geeter
38467 Audie       Poindexter
38499 Richelle    Tee
38516 Terisa      Mandujano
38530 Angelica    Lago
38600 Niesha      Oberholtzer
38697 Roseanna    Geeter
38762 Rashad      Keplinger
38800 Nelda       Olmedo
38865 Buck        Livengood
38867 Bobbye      Slaymaker
38916 Arnold      Gallivan
38963 Shonna      Gallivan
38980 Kiley       Simeon
39073 Heather     Riss
39122 Jacquelynn  Livengood
39170 Willy       Rice
39206 Vivienne    Bernstein
39226 Emmie       Gallivan
39296 Charmaine   Angles
39348 German      Wysong
39383 Pierre      Sasse
39425 Jenny       Wilkens
39474 Roman       Welke
39488 Jean        Mango
39497 Claude      Hanchett
39566 Troy        Geeter
39639 Antonetta   Rana
39646 Iraida      Freedman
39735 Leann       Wolfinger
39819 Soila       Haverly
39877 Shenita     Leandro
39899 Lynwood     Liston
39931 Richelle    Freedman
40007 Lura        Olmedo
40071 Mellissa    Hoggatt
40135 Fiona       Stafford
40171 Ellena      Mccoll
40238 Clotilde    Wilkens
40323 Buck        Mango
40324 Teisha      Reel
40389 Bobbi       Mango
40413 Letitia     Mandujano
40426 Keturah     Reel
40474 Maureen     Leandro
40555 Moira       Wurster
40628 Granville   Marcano
40697 Mike        Reel
40768 Tuyet       Simeon
40799 Minh        Mango
40890 Marva       Rousey
40925 Chantay     Reel
40979 Loan        Belvin
41008 Charmain    Mcnew
41092 Lindy       Oman
41177 Kelvin      Hug
41208 Kraig       Simeon
41260 Mackenzie   Sloss
41306 Young       Marchan
41327 Lulu        Wilkens
41350 Madonna     Mccoll
41360 Lavona      Presson
41448 Julianne    Freedman
41484 Jasmin      Manser
41570 Francine    Juhasz
41649 Trista      Fann
41708 Isaias      Leandro
41795 Camilla     Poindexter
41813 August      Row
41815 Sharolyn    Jagger
41831 Carmine     Delvecchio
41863 Salley      Gallivan
41867 Lawanna     Cutlip
41871 Christa     Olmedo
41941 Wanda       Jagger
42028 Nicolette   Haverly
42094 Cody        Oman
42136 Kimberely   Poindexter
42150 Jeanice     Ortmann
42211 Belle       Geeter
42227 Marylouise  Gallivan
42285 Edyth       Oman
42362 Cameron     Parks
42395 Marlo       Jagger
42420 Stephani    Keplinger
42433 Codi        Geeter
42505 Matthew     Livengood
42539 Lang        Delvecchio
42599 Glynis      Mccoll
42604 Thomasine   Stwart
42677 Ingeborg    Delvecchio
42759 Janie       Mccoll
42843 Anastacia   Mandujano
42877 Yer         Wilkens
42943 Jed         Leandro
42978 Harmony     Brookins
43027 Jane        Patricio
43043 Sandee      Harbaugh
43067 Latisha     Landrum
43098 Zona        Simeon
43112 Adell       Wilkens
43135 Shannon     Olmedo
43187 Taisha      Keplinger
43235 Verona      Mccoll
43319 Laurinda    Tarvin
43352 Kim         Simeon
43414 Willetta    Waldschmidt
43499 Mohamed     Hodson
43539 Maranda     Olmedo
43603 Keira       Walburn
43694 Zulma       Odum
43766 Eliseo      Mccoll
43773 Joaquina    Livengood
43790 Vonnie      Wolfinger
43840 Sudie       Mccoll
43861 Junior      Geeter
43931 Melaine     Mandujano
43972 Starr       Gallivan
43992 Maryland    Leandro
44020 Eloise      Kurz
44103 Joaquina    Wolfinger
44193 Ida         Simeon
44248 Whitney     Westhoff
44279 Christia    Latch
44323 Creola      Gebo
44400 Jewel       Gallivan
44446 Victor      Blade
44492 Gretchen    Pflum
44520 Nobuko      Oman
44584 Sybil       Wilkens
44655 Dina        Mango
44718 Min         Mango
44743 Herta       Wilkens
44795 Arnetta     Wilkens
44891 Guadalupe   Maples
44943 Madalene    Reel
45015 Loreen      Livengood
45063 Jacki       Geeter
45142 Charlie     Orth
45183 Kum         Sasse
45221 Julian      Chagnon
45234 Charley     Lofthouse
45323 Maude       Reel
45351 Kristina    Livengood
45406 Josephine   Poindexter
45460 Queenie     Reel
45504 Jane        Delvecchio
45580 Marni       Marcano
45612 Larue       Oman
45676 Catherina   Albury
45727 Rubin       Haverly
45795 Edelmira    Reel
45863 Sau         Delvecchio
45943 Latosha     Scheu
45992 Danille     Hambright
46056 Ina         Mango
46144 Tori        Perrin
46195 Gertude     Freedman
46262 Faye        Gallivan
46288 Kerstin     Ortmann
46313 Maud        Guardiola
46408 Jeremy      Geeter
46472 Bart        Taunton
46544 Alease      Delvecchio
46607 Gabrielle   Olmedo
46644 Sterling    Mccoll
46723 Lucile      Oman
46753 Lyndsey     Mango
46827 Gia         Ortmann
46925 Adina       Marcano
46985 Bryon       Livengood
46997 Cristina    Ortmann
47063 Preston     Mccoll
47110 Cira        Kellough
47113 Tempie      Gobert
47132 Yong        Keil
47184 Margo       Haverly
47248 Mindy       Aycock
47297 Lovetta     Saephan
47395 Lovie       Livengood
47482 Vanesa      Olmedo
47510 Chloe       Ortmann
47609 Hye         Simeon
47640 Ashton      Ortmann
47707 Dania       Mccoll
47801 Michal      Simeon
47874 Maisha      Ortmann
47972 Julene      Valcourt
48013 Barbara     Mccoll
48079 Katharine   Jacques
48158 Sheena      Vicari
48160 Jacquline   Oler
48184 Eleonor     Delvecchio
48213 Mathilde    Livengood
48239 Darnell     Bonhomme
48308 Sharell     Haverly
48376 Zaida       Sasse
48399 Epifania    Saur
48435 Nga         Simeon
48479 Sarina      Mandujano
48564 Jodie       Geeter
48637 Clarissa    Oman
48643 Todd        Camarillo
48720 Paulette    Haverly
48783 Rachel      Sasse
48808 Phuong      Shamblin
48841 Jen         Mango
48854 Franklin    Lipari
48931 Cyndy       Simeon
49021 Bud         Livengood
49039 Bettie      Leandro
49048 Shirlee     Simeon
49093 Christiana  Faucette
49169 Dorinda     Olmedo
49178 Perla       Jagger
49238 Damian      Gallivan
49256 Lloyd       Kinder
49351 Kelly       Freedman
49360 Madalene    Marcano
49435 Veronica    Poindexter
49492 Marina      Mccoll
49520 Kali        Olmedo
49558 Lakeisha    Simeon
49635 Donna       Gallivan
49731 Savanna     Mango
49758 Marvis      Mancia
49793 Rigoberto   Simeon
49879 Loura       Gallivan
49900 Carlo       Mango
49952 Julianna    Ginder
49969 Esperanza   Wolfinger
49994 Shenita     Longoria

Coombes 2
Delvecchio 31
Freedman 13
Gallivan 45
Geeter 45
Hambright 2
Haverly 28
Jagger 15
Keplinger 23
Latch 2
Leandro 21
Livengood 42
Mandujano 30
Mango 35
Marcano 26
Mccoll 32
Olmedo 28
Oman 30
Ortmann 26
Poindexter 31
Reel 39
Sasse 22
Shamblin 2
Simeon 39
Wilkens 27
Wojciechowski 2
Wolfinger 20
